Archive member included to satisfy reference by file (symbol)

C:/ST/STM32CubeIDE_1.16.1/STM32CubeIDE/plugins/com.st.stm32cube.ide.mcu.externaltools.gnu-tools-for-stm32.12.3.rel1.win32_1.0.200.202406191623/tools/bin/../lib/gcc/arm-none-eabi/12.3.1/../../../../arm-none-eabi/lib/thumb/v7e-m+fp/hard\libc_nano.a(libc_a-exit.o)
                              C:/ST/STM32CubeIDE_1.16.1/STM32CubeIDE/plugins/com.st.stm32cube.ide.mcu.externaltools.gnu-tools-for-stm32.12.3.rel1.win32_1.0.200.202406191623/tools/bin/../lib/gcc/arm-none-eabi/12.3.1/../../../../arm-none-eabi/lib/thumb/v7e-m+fp/hard/crt0.o (exit)
C:/ST/STM32CubeIDE_1.16.1/STM32CubeIDE/plugins/com.st.stm32cube.ide.mcu.externaltools.gnu-tools-for-stm32.12.3.rel1.win32_1.0.200.202406191623/tools/bin/../lib/gcc/arm-none-eabi/12.3.1/../../../../arm-none-eabi/lib/thumb/v7e-m+fp/hard\libc_nano.a(libc_a-findfp.o)
                              ./Middlewares/Third_Party/FreeRTOS/Source/tasks.o (__sf)
C:/ST/STM32CubeIDE_1.16.1/STM32CubeIDE/plugins/com.st.stm32cube.ide.mcu.externaltools.gnu-tools-for-stm32.12.3.rel1.win32_1.0.200.202406191623/tools/bin/../lib/gcc/arm-none-eabi/12.3.1/../../../../arm-none-eabi/lib/thumb/v7e-m+fp/hard\libc_nano.a(libc_a-fwalk.o)
                              C:/ST/STM32CubeIDE_1.16.1/STM32CubeIDE/plugins/com.st.stm32cube.ide.mcu.externaltools.gnu-tools-for-stm32.12.3.rel1.win32_1.0.200.202406191623/tools/bin/../lib/gcc/arm-none-eabi/12.3.1/../../../../arm-none-eabi/lib/thumb/v7e-m+fp/hard\libc_nano.a(libc_a-findfp.o) (_fwalk_sglue)
C:/ST/STM32CubeIDE_1.16.1/STM32CubeIDE/plugins/com.st.stm32cube.ide.mcu.externaltools.gnu-tools-for-stm32.12.3.rel1.win32_1.0.200.202406191623/tools/bin/../lib/gcc/arm-none-eabi/12.3.1/../../../../arm-none-eabi/lib/thumb/v7e-m+fp/hard\libc_nano.a(libc_a-stdio.o)
                              C:/ST/STM32CubeIDE_1.16.1/STM32CubeIDE/plugins/com.st.stm32cube.ide.mcu.externaltools.gnu-tools-for-stm32.12.3.rel1.win32_1.0.200.202406191623/tools/bin/../lib/gcc/arm-none-eabi/12.3.1/../../../../arm-none-eabi/lib/thumb/v7e-m+fp/hard\libc_nano.a(libc_a-findfp.o) (__sread)
C:/ST/STM32CubeIDE_1.16.1/STM32CubeIDE/plugins/com.st.stm32cube.ide.mcu.externaltools.gnu-tools-for-stm32.12.3.rel1.win32_1.0.200.202406191623/tools/bin/../lib/gcc/arm-none-eabi/12.3.1/../../../../arm-none-eabi/lib/thumb/v7e-m+fp/hard\libc_nano.a(libc_a-memset.o)
                              C:/ST/STM32CubeIDE_1.16.1/STM32CubeIDE/plugins/com.st.stm32cube.ide.mcu.externaltools.gnu-tools-for-stm32.12.3.rel1.win32_1.0.200.202406191623/tools/bin/../lib/gcc/arm-none-eabi/12.3.1/../../../../arm-none-eabi/lib/thumb/v7e-m+fp/hard/crt0.o (memset)
C:/ST/STM32CubeIDE_1.16.1/STM32CubeIDE/plugins/com.st.stm32cube.ide.mcu.externaltools.gnu-tools-for-stm32.12.3.rel1.win32_1.0.200.202406191623/tools/bin/../lib/gcc/arm-none-eabi/12.3.1/../../../../arm-none-eabi/lib/thumb/v7e-m+fp/hard\libc_nano.a(libc_a-closer.o)
                              C:/ST/STM32CubeIDE_1.16.1/STM32CubeIDE/plugins/com.st.stm32cube.ide.mcu.externaltools.gnu-tools-for-stm32.12.3.rel1.win32_1.0.200.202406191623/tools/bin/../lib/gcc/arm-none-eabi/12.3.1/../../../../arm-none-eabi/lib/thumb/v7e-m+fp/hard\libc_nano.a(libc_a-stdio.o) (_close_r)
C:/ST/STM32CubeIDE_1.16.1/STM32CubeIDE/plugins/com.st.stm32cube.ide.mcu.externaltools.gnu-tools-for-stm32.12.3.rel1.win32_1.0.200.202406191623/tools/bin/../lib/gcc/arm-none-eabi/12.3.1/../../../../arm-none-eabi/lib/thumb/v7e-m+fp/hard\libc_nano.a(libc_a-reent.o)
                              ./Middlewares/Third_Party/FreeRTOS/Source/tasks.o (_reclaim_reent)
C:/ST/STM32CubeIDE_1.16.1/STM32CubeIDE/plugins/com.st.stm32cube.ide.mcu.externaltools.gnu-tools-for-stm32.12.3.rel1.win32_1.0.200.202406191623/tools/bin/../lib/gcc/arm-none-eabi/12.3.1/../../../../arm-none-eabi/lib/thumb/v7e-m+fp/hard\libc_nano.a(libc_a-impure.o)
                              ./Middlewares/Third_Party/FreeRTOS/Source/tasks.o (_impure_ptr)
C:/ST/STM32CubeIDE_1.16.1/STM32CubeIDE/plugins/com.st.stm32cube.ide.mcu.externaltools.gnu-tools-for-stm32.12.3.rel1.win32_1.0.200.202406191623/tools/bin/../lib/gcc/arm-none-eabi/12.3.1/../../../../arm-none-eabi/lib/thumb/v7e-m+fp/hard\libc_nano.a(libc_a-lseekr.o)
                              C:/ST/STM32CubeIDE_1.16.1/STM32CubeIDE/plugins/com.st.stm32cube.ide.mcu.externaltools.gnu-tools-for-stm32.12.3.rel1.win32_1.0.200.202406191623/tools/bin/../lib/gcc/arm-none-eabi/12.3.1/../../../../arm-none-eabi/lib/thumb/v7e-m+fp/hard\libc_nano.a(libc_a-stdio.o) (_lseek_r)
C:/ST/STM32CubeIDE_1.16.1/STM32CubeIDE/plugins/com.st.stm32cube.ide.mcu.externaltools.gnu-tools-for-stm32.12.3.rel1.win32_1.0.200.202406191623/tools/bin/../lib/gcc/arm-none-eabi/12.3.1/../../../../arm-none-eabi/lib/thumb/v7e-m+fp/hard\libc_nano.a(libc_a-readr.o)
[...]
Memory Configuration

Name             Origin             Length             Attributes
RAM              0x20000000         0x00008000         xrw
FLASH            0x08000000         0x00020000         xr
*default*        0x00000000         0xffffffff

Linker script and memory map

LOAD C:/ST/STM32CubeIDE_1.16.1/STM32CubeIDE/plugins/com.st.stm32cube.ide.mcu.externaltools.gnu-tools-for-stm32.12.3.rel1.win32_1.0.200.202406191623/tools/bin/../lib/gcc/arm-none-eabi/12.3.1/thumb/v7e-m+fp/hard/crti.o
LOAD C:/ST/STM32CubeIDE_1.16.1/STM32CubeIDE/plugins/com.st.stm32cube.ide.mcu.externaltools.gnu-tools-for-stm32.12.3.rel1.win32_1.0.200.202406191623/tools/bin/../lib/gcc/arm-none-eabi/12.3.1/thumb/v7e-m+fp/hard/crtbegin.o
LOAD C:/ST/STM32CubeIDE_1.16.1/STM32CubeIDE/plugins/com.st.stm32cube.ide.mcu.externaltools.gnu-tools-for-stm32.12.3.rel1.win32_1.0.200.202406191623/tools/bin/../lib/gcc/arm-none-eabi/12.3.1/../../../../arm-none-eabi/lib/thumb/v7e-m+fp/hard/crt0.o
LOAD ./Core/Src/DRV_8711.o
LOAD ./Core/Src/adc.o
LOAD ./Core/Src/app_freertos.o
LOAD ./Core/Src/dma.o
LOAD ./Core/Src/fdcan.o
LOAD ./Core/Src/gpio.o
LOAD ./Core/Src/i2c.o
LOAD ./Core/Src/main.o
LOAD ./Core/Src/spi.o
LOAD ./Core/Src/stm32g4xx_hal_msp.o
LOAD ./Core/Src/stm32g4xx_hal_timebase_tim.o
LOAD ./Core/Src/stm32g4xx_it.o
LOAD ./Core/Src/syscalls.o
LOAD ./Core/Src/sysmem.o
LOAD ./Core/Src/system_stm32g4xx.o
LOAD ./Core/Src/tim.o
LOAD ./Core/Startup/startup_stm32g431cbtx.o
LOAD ./Drivers/STM32G4xx_HAL_Driver/Src/stm32g4xx_hal.o
LOAD ./Drivers/STM32G4xx_HAL_Driver/Src/stm32g4xx_hal_adc.o
LOAD ./Drivers/STM32G4xx_HAL_Driver/Src/stm32g4xx_hal_adc_ex.o
LOAD ./Drivers/STM32G4xx_HAL_Driver/Src/stm32g4xx_hal_cortex.o
LOAD ./Drivers/STM32G4xx_HAL_Driver/Src/stm32g4xx_hal_dma.o
LOAD ./Drivers/STM32G4xx_HAL_Driver/Src/stm32g4xx_hal_dma_ex.o
LOAD ./Drivers/STM32G4xx_HAL_Driver/Src/stm32g4xx_hal_exti.o
LOAD ./Drivers/STM32G4xx_HAL_Driver/Src/stm32g4xx_hal_fdcan.o
LOAD ./Drivers/STM32G4xx_HAL_Driver/Src/stm32g4xx_hal_flash.o
LOAD ./Drivers/STM32G4xx_HAL_Driver/Src/stm32g4xx_hal_flash_ex.o
LOAD ./Drivers/STM32G4xx_HAL_Driver/Src/stm32g4xx_hal_flash_ramfunc.o
LOAD ./Drivers/STM32G4xx_HAL_Driver/Src/stm32g4xx_hal_gpio.o
LOAD ./Drivers/STM32G4xx_HAL_Driver/Src/stm32g4xx_hal_i2c.o
LOAD ./Drivers/STM32G4xx_HAL_Driver/Src/stm32g4xx_hal_i2c_ex.o
LOAD ./Drivers/STM32G4xx_HAL_Driver/Src/stm32g4xx_hal_pwr.o
LOAD ./Drivers/STM32G4xx_HAL_Driver/Src/stm32g4xx_hal_pwr_ex.o
LOAD ./Drivers/STM32G4xx_HAL_Driver/Src/stm32g4xx_hal_rcc.o
LOAD ./Drivers/STM32G4xx_HAL_Driver/Src/stm32g4xx_hal_rcc_ex.o
LOAD ./Drivers/STM32G4xx_HAL_Driver/Src/stm32g4xx_hal_spi.o
LOAD ./Drivers/STM32G4xx_HAL_Driver/Src/stm32g4xx_hal_spi_ex.o
LOAD ./Drivers/STM32G4xx_HAL_Driver/Src/stm32g4xx_hal_tim.o
LOAD ./Drivers/STM32G4xx_HAL_Driver/Src/stm32g4xx_hal_tim_ex.o
LOAD ./Drivers/STM32G4xx_HAL_Driver/Src/stm32g4xx_ll_adc.o
LOAD ./Middlewares/Third_Party/FreeRTOS/Source/CMSIS_RTOS_V2/cmsis_os2.o
LOAD ./Middlewares/Third_Party/FreeRTOS/Source/croutine.o
LOAD ./Middlewares/Third_Party/FreeRTOS/Source/event_groups.o
LOAD ./Middlewares/Third_Party/FreeRTOS/Source/list.o
LOAD ./Middlewares/Third_Party/FreeRTOS/Source/queue.o
LOAD ./Middlewares/Third_Party/FreeRTOS/Source/stream_buffer.o
LOAD ./Middlewares/Third_Party/FreeRTOS/Source/tasks.o
LOAD ./Middlewares/Third_Party/FreeRTOS/Source/timers.o
LOAD ./Middlewares/Third_Party/FreeRTOS/Source/portable/GCC/ARM_CM4F/port.o
LOAD ./Middlewares/Third_Party/FreeRTOS/Source/portable/MemMang/heap_4.o
START GROUP
LOAD C:/ST/STM32CubeIDE_1.16.1/STM32CubeIDE/plugins/com.st.stm32cube.ide.mcu.externaltools.gnu-tools-for-stm32.12.3.rel1.win32_1.0.200.202406191623/tools/bin/../lib/gcc/arm-none-eabi/12.3.1/../../../../arm-none-eabi/lib/thumb/v7e-m+fp/hard\libc_nano.a
LOAD C:/ST/STM32CubeIDE_1.16.1/STM32CubeIDE/plugins/com.st.stm32cube.ide.mcu.externaltools.gnu-tools-for-stm32.12.3.rel1.win32_1.0.200.202406191623/tools/bin/../lib/gcc/arm-none-eabi/12.3.1/../../../../arm-none-eabi/lib/thumb/v7e-m+fp/hard\libm.a
END GROUP
START GROUP
LOAD C:/ST/STM32CubeIDE_1.16.1/STM32CubeIDE/plugins/com.st.stm32cube.ide.mcu.externaltools.gnu-tools-for-stm32.12.3.rel1.win32_1.0.200.202406191623/tools/bin/../lib/gcc/arm-none-eabi/12.3.1/thumb/v7e-m+fp/hard\libgcc.a
LOAD C:/ST/STM32CubeIDE_1.16.1/STM32CubeIDE/plugins/com.st.stm32cube.ide.mcu.externaltools.gnu-tools-for-stm32.12.3.rel1.win32_1.0.200.202406191623/tools/bin/../lib/gcc/arm-none-eabi/12.3.1/../../../../arm-none-eabi/lib/thumb/v7e-m+fp/hard\libc_nano.a
END GROUP
START GROUP
LOAD C:/ST/STM32CubeIDE_1.16.1/STM32CubeIDE/plugins/com.st.stm32cube.ide.mcu.externaltools.gnu-tools-for-stm32.12.3.rel1.win32_1.0.200.202406191623/tools/bin/../lib/gcc/arm-none-eabi/12.3.1/thumb/v7e-m+fp/hard\libgcc.a
LOAD C:/ST/STM32CubeIDE_1.16.1/STM32CubeIDE/plugins/com.st.stm32cube.ide.mcu.externaltools.gnu-tools-for-stm32.12.3.rel1.win32_1.0.200.202406191623/tools/bin/../lib/gcc/arm-none-eabi/12.3.1/../../../../arm-none-eabi/lib/thumb/v7e-m+fp/hard\libc_nano.a
LOAD C:/ST/STM32CubeIDE_1.16.1/STM32CubeIDE/plugins/com.st.stm32cube.ide.mcu.externaltools.gnu-tools-for-stm32.12.3.rel1.win32_1.0.200.202406191623/tools/bin/../lib/gcc/arm-none-eabi/12.3.1/../../../../arm-none-eabi/lib/thumb/v7e-m+fp/hard\libnosys.a
END GROUP
START GROUP
LOAD C:/ST/STM32CubeIDE_1.16.1/STM32CubeIDE/plugins/com.st.stm32cube.ide.mcu.externaltools.gnu-tools-for-stm32.12.3.rel1.win32_1.0.200.202406191623/tools/bin/../lib/gcc/arm-none-eabi/12.3.1/thumb/v7e-m+fp/hard\libgcc.a
LOAD C:/ST/STM32CubeIDE_1.16.1/STM32CubeIDE/plugins/com.st.stm32cube.ide.mcu.externaltools.gnu-tools-for-stm32.12.3.rel1.win32_1.0.200.202406191623/tools/bin/../lib/gcc/arm-none-eabi/12.3.1/../../../../arm-none-eabi/lib/thumb/v7e-m+fp/hard\libc_nano.a
LOAD C:/ST/STM32CubeIDE_1.16.1/STM32CubeIDE/plugins/com.st.stm32cube.ide.mcu.externaltools.gnu-tools-for-stm32.12.3.rel1.win32_1.0.200.202406191623/tools/bin/../lib/gcc/arm-none-eabi/12.3.1/../../../../arm-none-eabi/lib/thumb/v7e-m+fp/hard\libnosys.a
END GROUP
LOAD C:/ST/STM32CubeIDE_1.16.1/STM32CubeIDE/plugins/com.st.stm32cube.ide.mcu.externaltools.gnu-tools-for-stm32.12.3.rel1.win32_1.0.200.202406191623/tools/bin/../lib/gcc/arm-none-eabi/12.3.1/thumb/v7e-m+fp/hard/crtend.o
LOAD C:/ST/STM32CubeIDE_1.16.1/STM32CubeIDE/plugins/com.st.stm32cube.ide.mcu.externaltools.gnu-tools-for-stm32.12.3.rel1.win32_1.0.200.202406191623/tools/bin/../lib/gcc/arm-none-eabi/12.3.1/thumb/v7e-m+fp/hard/crtn.o
                0x20008000                        _estack = (ORIGIN (RAM) + LENGTH (RAM))
                0x00000200                        _Min_Heap_Size = 0x200
                0x00000400                        _Min_Stack_Size = 0x400

.isr_vector     0x08000000      0x1d8
                0x08000000                        . = ALIGN (0x4)
 *(.isr_vector)
 .isr_vector    0x08000000      0x1d8 ./Core/Startup/startup_stm32g431cbtx.o
                0x08000000                g_pfnVectors
                0x080001d8                        . = ALIGN (0x4)

.text           0x080001e0     0x8ef0
                0x080001e0                        . = ALIGN (0x4)
 *(.text)
 .text          0x080001e0       0x40 C:/ST/STM32CubeIDE_1.16.1/STM32CubeIDE/plugins/com.st.stm32cube.ide.mcu.externaltools.gnu-tools-for-stm32.12.3.rel1.win32_1.0.200.202406191623/tools/bin/../lib/gcc/arm-none-eabi/12.3.1/thumb/v7e-m+fp/hard/crtbegin.o
 *(.text*)
 .text.drv_reg_write
                0x08000220       0x6c ./Core/Src/DRV_8711.o
                0x08000220                drv_reg_write
 .text.MX_ADC1_Init
                0x0800028c       0xf0 ./Core/Src/adc.o
                0x0800028c                MX_ADC1_Init
 .text.HAL_ADC_MspInit
                0x0800037c       0xac ./Core/Src/adc.o
                0x0800037c                HAL_ADC_MspInit
 .text.MX_FREERTOS_Init
                0x08000428       0x78 ./Core/Src/app_freertos.o
                0x08000428                MX_FREERTOS_Init
 .text.StartDefaultTask
                0x080004a0       0x10 ./Core/Src/app_freertos.o
                0x080004a0                StartDefaultTask
 .text.StartEncoderTask
                0x080004b0       0x10 ./Core/Src/app_freertos.o
                0x080004b0                StartEncoderTask
 .text.StartStepperRegTask
                0x080004c0       0x10 ./Core/Src/app_freertos.o
                0x080004c0                StartStepperRegTask
 .text.StartFeedbackTask
                0x080004d0       0x10 ./Core/Src/app_freertos.o
                0x080004d0                StartFeedbackTask
 .text.MX_DMA_Init
                0x080004e0       0x54 ./Core/Src/dma.o
                0x080004e0                MX_DMA_Init
 .text.MX_FDCAN1_Init
                0x08000534       0x8c ./Core/Src/fdcan.o
                0x08000534                MX_FDCAN1_Init
 .text.HAL_FDCAN_MspInit
                0x080005c0       0xc4 ./Core/Src/fdcan.o
                0x080005c0                HAL_FDCAN_MspInit
 .text.MX_GPIO_Init
                0x08000684      0x168 ./Core/Src/gpio.o
                0x08000684                MX_GPIO_Init
 .text.MX_I2C2_Init
                0x080007ec       0x80 ./Core/Src/i2c.o
                0x080007ec                MX_I2C2_Init
 .text.HAL_I2C_MspInit
                0x0800086c       0xb0 ./Core/Src/i2c.o
                0x0800086c                HAL_I2C_MspInit
 .text.main     0x0800091c       0xa8 ./Core/Src/main.o
                0x0800091c                main
 .text.SystemClock_Config
                0x080009c4       0x7c ./Core/Src/main.o
                0x080009c4                SystemClock_Config
 .text.HAL_TIM_PeriodElapsedCallback
                0x08000a40       0x24 ./Core/Src/main.o
                0x08000a40                HAL_TIM_PeriodElapsedCallback
 .text.Error_Handler
                0x08000a64        0xc ./Core/Src/main.o
                0x08000a64                Error_Handler
 .text.MX_SPI1_Init
                0x08000a70       0x7c ./Core/Src/spi.o
                0x08000a70                MX_SPI1_Init
 .text.MX_SPI2_Init
                0x08000aec       0x7c ./Core/Src/spi.o
                0x08000aec                MX_SPI2_Init
 .text.HAL_SPI_MspInit
                0x08000b68       0xec ./Core/Src/spi.o
                0x08000b68                HAL_SPI_MspInit
 .text.HAL_MspInit
                0x08000c54       0x54 ./Core/Src/stm32g4xx_hal_msp.o
                0x08000c54                HAL_MspInit
 .text.HAL_InitTick
                0x08000ca8       0xd8 ./Core/Src/stm32g4xx_hal_timebase_tim.o
                0x08000ca8                HAL_InitTick
 .text.NMI_Handler
                0x08000d80        0x8 ./Core/Src/stm32g4xx_it.o
                0x08000d80                NMI_Handler
 .text.HardFault_Handler
                0x08000d88        0x8 ./Core/Src/stm32g4xx_it.o
                0x08000d88                HardFault_Handler
 .text.MemManage_Handler
                0x08000d90        0x8 ./Core/Src/stm32g4xx_it.o
                0x08000d90                MemManage_Handler
 .text.BusFault_Handler
                0x08000d98        0x8 ./Core/Src/stm32g4xx_it.o
                0x08000d98                BusFault_Handler
 .text.UsageFault_Handler
                0x08000da0        0x8 ./Core/Src/stm32g4xx_it.o
                0x08000da0                UsageFault_Handler
 .text.DebugMon_Handler
                0x08000da8        0xe ./Core/Src/stm32g4xx_it.o
                0x08000da8                DebugMon_Handler
 *fill*         0x08000db6        0x2 
 .text.DMA1_Channel1_IRQHandler
                0x08000db8       0x14 ./Core/Src/stm32g4xx_it.o
                0x08000db8                DMA1_Channel1_IRQHandler
 .text.FDCAN1_IT0_IRQHandler
                0x08000dcc       0x14 ./Core/Src/stm32g4xx_it.o
                0x08000dcc                FDCAN1_IT0_IRQHandler
 .text.TIM1_UP_TIM16_IRQHandler
                0x08000de0       0x14 ./Core/Src/stm32g4xx_it.o
                0x08000de0                TIM1_UP_TIM16_IRQHandler
 .text.TIM2_IRQHandler
                0x08000df4       0x14 ./Core/Src/stm32g4xx_it.o
                0x08000df4                TIM2_IRQHandler
 .text.TIM6_DAC_IRQHandler
                0x08000e08       0x14 ./Core/Src/stm32g4xx_it.o
                0x08000e08                TIM6_DAC_IRQHandler
 .text.SystemInit
                0x08000e1c       0x24 ./Core/Src/system_stm32g4xx.o
                0x08000e1c                SystemInit
 .text.MX_TIM2_Init
                0x08000e40       0xf0 ./Core/Src/tim.o
                0x08000e40                MX_TIM2_Init
 .text.MX_TIM6_Init
                0x08000f30       0x6c ./Core/Src/tim.o
                0x08000f30                MX_TIM6_Init
 .text.MX_TIM8_Init
                0x08000f9c      0x160 ./Core/Src/tim.o
                0x08000f9c                MX_TIM8_Init
 .text.HAL_TIM_Base_MspInit
                0x080010fc      0x104 ./Core/Src/tim.o
                0x080010fc                HAL_TIM_Base_MspInit
 .text.HAL_TIM_MspPostInit
                0x08001200       0xb8 ./Core/Src/tim.o
                0x08001200                HAL_TIM_MspPostInit
 .text.Reset_Handler
                0x080012b8       0x50 ./Core/Startup/startup_stm32g431cbtx.o
                0x080012b8                Reset_Handler
 .text.Default_Handler
                0x08001308        0x2 ./Core/Startup/startup_stm32g431cbtx.o
                0x08001308                RTC_Alarm_IRQHandler
                0x08001308                EXTI2_IRQHandler
                0x08001308                TIM8_TRG_COM_IRQHandler
                0x08001308                TIM8_CC_IRQHandler
                0x08001308                TIM1_CC_IRQHandler
                0x08001308                USB_HP_IRQHandler
                0x08001308                CORDIC_IRQHandler
                0x08001308                EXTI3_IRQHandler
                0x08001308                I2C3_ER_IRQHandler
                0x08001308                EXTI0_IRQHandler
                0x08001308                I2C2_EV_IRQHandler
                0x08001308                FPU_IRQHandler
                0x08001308                FDCAN1_IT1_IRQHandler
                0x08001308                ADC1_2_IRQHandler
                0x08001308                SPI1_IRQHandler
                0x08001308                TIM8_UP_IRQHandler
                0x08001308                DMA2_Channel2_IRQHandler
                0x08001308                DMA1_Channel4_IRQHandler
                0x08001308                USART3_IRQHandler
                0x08001308                TIM4_IRQHandler
                0x08001308                DMA2_Channel1_IRQHandler
                0x08001308                I2C1_EV_IRQHandler
                0x08001308                DMA1_Channel6_IRQHandler
                0x08001308                UART4_IRQHandler
                0x08001308                DMA2_Channel4_IRQHandler
                0x08001308                TIM3_IRQHandler
                0x08001308                RCC_IRQHandler
                0x08001308                Default_Handler
                0x08001308                RTC_TAMP_LSECSS_IRQHandler
                0x08001308                FMAC_IRQHandler
                0x08001308                EXTI15_10_IRQHandler
                0x08001308                TIM7_IRQHandler
                0x08001308                UCPD1_IRQHandler
                0x08001308                I2C3_EV_IRQHandler
                0x08001308                EXTI9_5_IRQHandler
                0x08001308                RTC_WKUP_IRQHandler
                0x08001308                PVD_PVM_IRQHandler
                0x08001308                SPI2_IRQHandler
                0x08001308                DMA2_Channel5_IRQHandler
                0x08001308                CRS_IRQHandler
                0x08001308                DMA1_Channel5_IRQHandler
                0x08001308                USB_LP_IRQHandler
                0x08001308                EXTI4_IRQHandler
                0x08001308                RNG_IRQHandler
                0x08001308                TIM1_TRG_COM_TIM17_IRQHandler
                0x08001308                DMA1_Channel3_IRQHandler
                0x08001308                WWDG_IRQHandler
                0x08001308                LPUART1_IRQHandler
                0x08001308                DMA2_Channel6_IRQHandler
                0x08001308                COMP1_2_3_IRQHandler
                0x08001308                EXTI1_IRQHandler
                0x08001308                USART2_IRQHandler
                0x08001308                I2C2_ER_IRQHandler
                0x08001308                DMA1_Channel2_IRQHandler
                0x08001308                TIM8_BRK_IRQHandler
                0x08001308                FLASH_IRQHandler
                0x08001308                USART1_IRQHandler
                0x08001308                SPI3_IRQHandler
                0x08001308                I2C1_ER_IRQHandler
                0x08001308                LPTIM1_IRQHandler
                0x08001308                DMAMUX_OVR_IRQHandler
                0x08001308                USBWakeUp_IRQHandler
                0x08001308                SAI1_IRQHandler
                0x08001308                DMA2_Channel3_IRQHandler
                0x08001308                COMP4_IRQHandler
                0x08001308                TIM1_BRK_TIM15_IRQHandler
 .text.HAL_Init
                0x0800130a       0x30 ./Drivers/STM32G4xx_HAL_Driver/Src/stm32g4xx_hal.o
                0x0800130a                HAL_Init
 *fill*         0x0800133a        0x2 
 .text.HAL_IncTick
                0x0800133c       0x24 ./Drivers/STM32G4xx_HAL_Driver/Src/stm32g4xx_hal.o
                0x0800133c                HAL_IncTick
 .text.HAL_GetTick
                0x08001360       0x18 ./Drivers/STM32G4xx_HAL_Driver/Src/stm32g4xx_hal.o
                0x08001360                HAL_GetTick
 .text.HAL_Delay
                0x08001378       0x44 ./Drivers/STM32G4xx_HAL_Driver/Src/stm32g4xx_hal.o
                0x08001378                HAL_Delay
 .text.LL_ADC_SetCommonClock
                0x080013bc       0x26 ./Drivers/STM32G4xx_HAL_Driver/Src/stm32g4xx_hal_adc.o
 .text.LL_ADC_SetCommonPathInternalCh
                0x080013e2       0x26 ./Drivers/STM32G4xx_HAL_Driver/Src/stm32g4xx_hal_adc.o
 .text.LL_ADC_GetCommonPathInternalCh
                0x08001408       0x1c ./Drivers/STM32G4xx_HAL_Driver/Src/stm32g4xx_hal_adc.o
 .text.LL_ADC_SetOffset
                0x08001424       0x48 ./Drivers/STM32G4xx_HAL_Driver/Src/stm32g4xx_hal_adc.o
 .text.LL_ADC_GetOffsetChannel
                0x0800146c       0x2c ./Drivers/STM32G4xx_HAL_Driver/Src/stm32g4xx_hal_adc.o
 .text.LL_ADC_SetOffsetState
                0x08001498       0x36 ./Drivers/STM32G4xx_HAL_Driver/Src/stm32g4xx_hal_adc.o
 .text.LL_ADC_SetOffsetSign
                0x080014ce       0x36 ./Drivers/STM32G4xx_HAL_Driver/Src/stm32g4xx_hal_adc.o
 .text.LL_ADC_SetOffsetSaturation
                0x08001504       0x36 ./Drivers/STM32G4xx_HAL_Driver/Src/stm32g4xx_hal_adc.o
 .text.LL_ADC_SetSamplingTimeCommonConfig
                0x0800153a       0x26 ./Drivers/STM32G4xx_HAL_Driver/Src/stm32g4xx_hal_adc.o
 .text.LL_ADC_REG_SetSequencerRanks
                0x08001560       0x58 ./Drivers/STM32G4xx_HAL_Driver/Src/stm32g4xx_hal_adc.o
 .text.LL_ADC_SetChannelSamplingTime
                0x080015b8       0x56 ./Drivers/STM32G4xx_HAL_Driver/Src/stm32g4xx_hal_adc.o
 *fill*         0x0800160e        0x2 
 .text.LL_ADC_SetChannelSingleDiff
                0x08001610       0x48 ./Drivers/STM32G4xx_HAL_Driver/Src/stm32g4xx_hal_adc.o
 .text.LL_ADC_DisableDeepPowerDown
                0x08001658       0x24 ./Drivers/STM32G4xx_HAL_Driver/Src/stm32g4xx_hal_adc.o
 .text.LL_ADC_IsDeepPowerDownEnabled
                0x0800167c       0x28 ./Drivers/STM32G4xx_HAL_Driver/Src/stm32g4xx_hal_adc.o
 .text.LL_ADC_EnableInternalRegulator
                0x080016a4       0x28 ./Drivers/STM32G4xx_HAL_Driver/Src/stm32g4xx_hal_adc.o
 .text.LL_ADC_IsInternalRegulatorEnabled
                0x080016cc       0x28 ./Drivers/STM32G4xx_HAL_Driver/Src/stm32g4xx_hal_adc.o
 .text.LL_ADC_IsEnabled
                0x080016f4       0x26 ./Drivers/STM32G4xx_HAL_Driver/Src/stm32g4xx_hal_adc.o
 .text.LL_ADC_REG_IsConversionOngoing
                0x0800171a       0x26 ./Drivers/STM32G4xx_HAL_Driver/Src/stm32g4xx_hal_adc.o
 .text.LL_ADC_INJ_IsConversionOngoing
                0x08001740       0x26 ./Drivers/STM32G4xx_HAL_Driver/Src/stm32g4xx_hal_adc.o
 *fill*         0x08001766        0x2 
 .text.HAL_ADC_Init
                0x08001768      0x308 ./Drivers/STM32G4xx_HAL_Driver/Src/stm32g4xx_hal_adc.o
                0x08001768                HAL_ADC_Init
 .text.HAL_ADC_ConfigChannel
                0x08001a70      0x7e0 ./Drivers/STM32G4xx_HAL_Driver/Src/stm32g4xx_hal_adc.o
                0x08001a70                HAL_ADC_ConfigChannel
 .text.LL_ADC_IsEnabled
                0x08002250       0x26 ./Drivers/STM32G4xx_HAL_Driver/Src/stm32g4xx_hal_adc_ex.o
 .text.LL_ADC_REG_IsConversionOngoing
                0x08002276       0x26 ./Drivers/STM32G4xx_HAL_Driver/Src/stm32g4xx_hal_adc_ex.o
 .text.HAL_ADCEx_MultiModeConfigChannel
                0x0800229c      0x148 ./Drivers/STM32G4xx_HAL_Driver/Src/stm32g4xx_hal_adc_ex.o
                0x0800229c                HAL_ADCEx_MultiModeConfigChannel
 .text.__NVIC_SetPriorityGrouping
                0x080023e4       0x48 ./Drivers/STM32G4xx_HAL_Driver/Src/stm32g4xx_hal_cortex.o
 .text.__NVIC_GetPriorityGrouping
                0x0800242c       0x1c ./Drivers/STM32G4xx_HAL_Driver/Src/stm32g4xx_hal_cortex.o
 .text.__NVIC_EnableIRQ
                0x08002448       0x3c ./Drivers/STM32G4xx_HAL_Driver/Src/stm32g4xx_hal_cortex.o
 .text.__NVIC_SetPriority
                0x08002484       0x54 ./Drivers/STM32G4xx_HAL_Driver/Src/stm32g4xx_hal_cortex.o
 .text.NVIC_EncodePriority
                0x080024d8       0x66 ./Drivers/STM32G4xx_HAL_Driver/Src/stm32g4xx_hal_cortex.o
 .text.HAL_NVIC_SetPriorityGrouping
                0x0800253e       0x16 ./Drivers/STM32G4xx_HAL_Driver/Src/stm32g4xx_hal_cortex.o
                0x0800253e                HAL_NVIC_SetPriorityGrouping
 .text.HAL_NVIC_SetPriority
                0x08002554       0x34 ./Drivers/STM32G4xx_HAL_Driver/Src/stm32g4xx_hal_cortex.o
                0x08002554                HAL_NVIC_SetPriority
 .text.HAL_NVIC_EnableIRQ
                0x08002588       0x1c ./Drivers/STM32G4xx_HAL_Driver/Src/stm32g4xx_hal_cortex.o
                0x08002588                HAL_NVIC_EnableIRQ
 .text.HAL_DMA_Init
                0x080025a4      0x150 ./Drivers/STM32G4xx_HAL_Driver/Src/stm32g4xx_hal_dma.o
                0x080025a4                HAL_DMA_Init
 .text.HAL_DMA_IRQHandler
                0x080026f4      0x15e ./Drivers/STM32G4xx_HAL_Driver/Src/stm32g4xx_hal_dma.o
                0x080026f4                HAL_DMA_IRQHandler
 *fill*         0x08002852        0x2 
 .text.DMA_CalcDMAMUXChannelBaseAndMask
                0x08002854       0x7c ./Drivers/STM32G4xx_HAL_Driver/Src/stm32g4xx_hal_dma.o
 .text.DMA_CalcDMAMUXRequestGenBaseAndMask
                0x080028d0       0x48 ./Drivers/STM32G4xx_HAL_Driver/Src/stm32g4xx_hal_dma.o
 .text.HAL_FDCAN_Init
                0x08002918      0x2b4 ./Drivers/STM32G4xx_HAL_Driver/Src/stm32g4xx_hal_fdcan.o
                0x08002918                HAL_FDCAN_Init
 .text.HAL_FDCAN_IRQHandler
                0x08002bcc      0x24a ./Drivers/STM32G4xx_HAL_Driver/Src/stm32g4xx_hal_fdcan.o
                0x08002bcc                HAL_FDCAN_IRQHandler
 .text.HAL_FDCAN_TxEventFifoCallback
                0x08002e16       0x16 ./Drivers/STM32G4xx_HAL_Driver/Src/stm32g4xx_hal_fdcan.o
                0x08002e16                HAL_FDCAN_TxEventFifoCallback
 .text.HAL_FDCAN_RxFifo0Callback
                0x08002e2c       0x16 ./Drivers/STM32G4xx_HAL_Driver/Src/stm32g4xx_hal_fdcan.o
                0x08002e2c                HAL_FDCAN_RxFifo0Callback
 .text.HAL_FDCAN_RxFifo1Callback
                0x08002e42       0x16 ./Drivers/STM32G4xx_HAL_Driver/Src/stm32g4xx_hal_fdcan.o
                0x08002e42                HAL_FDCAN_RxFifo1Callback
 .text.HAL_FDCAN_TxFifoEmptyCallback
                0x08002e58       0x14 ./Drivers/STM32G4xx_HAL_Driver/Src/stm32g4xx_hal_fdcan.o
                0x08002e58                HAL_FDCAN_TxFifoEmptyCallback
 .text.HAL_FDCAN_TxBufferCompleteCallback
                0x08002e6c       0x16 ./Drivers/STM32G4xx_HAL_Driver/Src/stm32g4xx_hal_fdcan.o
                0x08002e6c                HAL_FDCAN_TxBufferCompleteCallback
 .text.HAL_FDCAN_TxBufferAbortCallback
                0x08002e82       0x16 ./Drivers/STM32G4xx_HAL_Driver/Src/stm32g4xx_hal_fdcan.o
                0x08002e82                HAL_FDCAN_TxBufferAbortCallback
 .text.HAL_FDCAN_TimestampWraparoundCallback
                0x08002e98       0x14 ./Drivers/STM32G4xx_HAL_Driver/Src/stm32g4xx_hal_fdcan.o
                0x08002e98                HAL_FDCAN_TimestampWraparoundCallback
 .text.HAL_FDCAN_TimeoutOccurredCallback
                0x08002eac       0x14 ./Drivers/STM32G4xx_HAL_Driver/Src/stm32g4xx_hal_fdcan.o
                0x08002eac                HAL_FDCAN_TimeoutOccurredCallback
 .text.HAL_FDCAN_HighPriorityMessageCallback
                0x08002ec0       0x14 ./Drivers/STM32G4xx_HAL_Driver/Src/stm32g4xx_hal_fdcan.o
                0x08002ec0                HAL_FDCAN_HighPriorityMessageCallback
 .text.HAL_FDCAN_ErrorCallback
                0x08002ed4       0x14 ./Drivers/STM32G4xx_HAL_Driver/Src/stm32g4xx_hal_fdcan.o
                0x08002ed4                HAL_FDCAN_ErrorCallback
 .text.HAL_FDCAN_ErrorStatusCallback
                0x08002ee8       0x16 ./Drivers/STM32G4xx_HAL_Driver/Src/stm32g4xx_hal_fdcan.o
                0x08002ee8                HAL_FDCAN_ErrorStatusCallback
 *fill*         0x08002efe        0x2 
 .text.FDCAN_CalcultateRamBlockAddresses
                0x08002f00       0xac ./Drivers/STM32G4xx_HAL_Driver/Src/stm32g4xx_hal_fdcan.o
 .text.HAL_GPIO_Init
                0x08002fac      0x304 ./Drivers/STM32G4xx_HAL_Driver/Src/stm32g4xx_hal_gpio.o
                0x08002fac                HAL_GPIO_Init
 .text.HAL_GPIO_WritePin
                0x080032b0       0x30 ./Drivers/STM32G4xx_HAL_Driver/Src/stm32g4xx_hal_gpio.o
                0x080032b0                HAL_GPIO_WritePin
 .text.HAL_GPIO_TogglePin
                0x080032e0       0x34 ./Drivers/STM32G4xx_HAL_Driver/Src/stm32g4xx_hal_gpio.o
                0x080032e0                HAL_GPIO_TogglePin
 .text.HAL_I2C_Init
                0x08003314      0x136 ./Drivers/STM32G4xx_HAL_Driver/Src/stm32g4xx_hal_i2c.o
                0x08003314                HAL_I2C_Init
 .text.HAL_I2CEx_ConfigAnalogFilter
                0x0800344a       0x96 ./Drivers/STM32G4xx_HAL_Driver/Src/stm32g4xx_hal_i2c_ex.o
                0x0800344a                HAL_I2CEx_ConfigAnalogFilter
 .text.HAL_I2CEx_ConfigDigitalFilter
                0x080034e0       0x98 ./Drivers/STM32G4xx_HAL_Driver/Src/stm32g4xx_hal_i2c_ex.o
                0x080034e0                HAL_I2CEx_ConfigDigitalFilter
 .text.HAL_PWREx_ControlVoltageScaling
                0x08003578      0x148 ./Drivers/STM32G4xx_HAL_Driver/Src/stm32g4xx_hal_pwr_ex.o
                0x08003578                HAL_PWREx_ControlVoltageScaling
 .text.HAL_PWREx_DisableUCPDDeadBattery
                0x080036c0       0x20 ./Drivers/STM32G4xx_HAL_Driver/Src/stm32g4xx_hal_pwr_ex.o
                0x080036c0                HAL_PWREx_DisableUCPDDeadBattery
 .text.HAL_RCC_OscConfig
                0x080036e0      0x624 ./Drivers/STM32G4xx_HAL_Driver/Src/stm32g4xx_hal_rcc.o
                0x080036e0                HAL_RCC_OscConfig
 .text.HAL_RCC_ClockConfig
                0x08003d04      0x278 ./Drivers/STM32G4xx_HAL_Driver/Src/stm32g4xx_hal_rcc.o
                0x08003d04                HAL_RCC_ClockConfig
 .text.HAL_RCC_GetSysClockFreq
                0x08003f7c       0xc4 ./Drivers/STM32G4xx_HAL_Driver/Src/stm32g4xx_hal_rcc.o
                0x08003f7c                HAL_RCC_GetSysClockFreq
 .text.HAL_RCC_GetHCLKFreq
                0x08004040       0x18 ./Drivers/STM32G4xx_HAL_Driver/Src/stm32g4xx_hal_rcc.o
                0x08004040                HAL_RCC_GetHCLKFreq
 .text.HAL_RCC_GetPCLK2Freq
                0x08004058       0x2c ./Drivers/STM32G4xx_HAL_Driver/Src/stm32g4xx_hal_rcc.o
                0x08004058                HAL_RCC_GetPCLK2Freq
 .text.HAL_RCC_GetClockConfig
                0x08004084       0x64 ./Drivers/STM32G4xx_HAL_Driver/Src/stm32g4xx_hal_rcc.o
                0x08004084                HAL_RCC_GetClockConfig
 .text.RCC_GetSysClockFreqFromPLLSource
                0x080040e8       0x8c ./Drivers/STM32G4xx_HAL_Driver/Src/stm32g4xx_hal_rcc.o
 .text.HAL_RCCEx_PeriphCLKConfig
                0x08004174      0x3e0 ./Drivers/STM32G4xx_HAL_Driver/Src/stm32g4xx_hal_rcc_ex.o
                0x08004174                HAL_RCCEx_PeriphCLKConfig
 .text.HAL_SPI_Init
                0x08004554      0x156 ./Drivers/STM32G4xx_HAL_Driver/Src/stm32g4xx_hal_spi.o
                0x08004554                HAL_SPI_Init
 .text.HAL_SPI_Transmit
                0x080046aa      0x2ec ./Drivers/STM32G4xx_HAL_Driver/Src/stm32g4xx_hal_spi.o
                0x080046aa                HAL_SPI_Transmit
 *fill*         0x08004996        0x2 
 .text.SPI_WaitFlagStateUntilTimeout
                0x08004998      0x110 ./Drivers/STM32G4xx_HAL_Driver/Src/stm32g4xx_hal_spi.o
 .text.SPI_WaitFifoStateUntilTimeout
                0x08004aa8      0x12c ./Drivers/STM32G4xx_HAL_Driver/Src/stm32g4xx_hal_spi.o
 .text.SPI_EndRxTxTransaction
                0x08004bd4       0x8c ./Drivers/STM32G4xx_HAL_Driver/Src/stm32g4xx_hal_spi.o
 .text.HAL_TIM_Base_Init
                0x08004c60       0xae ./Drivers/STM32G4xx_HAL_Driver/Src/stm32g4xx_hal_tim.o
                0x08004c60                HAL_TIM_Base_Init
 *fill*         0x08004d0e        0x2 
 .text.HAL_TIM_Base_Start_IT
                0x08004d10       0xd4 ./Drivers/STM32G4xx_HAL_Driver/Src/stm32g4xx_hal_tim.o
                0x08004d10                HAL_TIM_Base_Start_IT
 .text.HAL_TIM_PWM_Init
                0x08004de4       0xae ./Drivers/STM32G4xx_HAL_Driver/Src/stm32g4xx_hal_tim.o
                0x08004de4                HAL_TIM_PWM_Init
 .text.HAL_TIM_PWM_MspInit
                0x08004e92       0x14 ./Drivers/STM32G4xx_HAL_Driver/Src/stm32g4xx_hal_tim.o
                0x08004e92                HAL_TIM_PWM_MspInit
 *fill*         0x08004ea6        0x2 
 .text.HAL_TIM_PWM_Start
                0x08004ea8      0x200 ./Drivers/STM32G4xx_HAL_Driver/Src/stm32g4xx_hal_tim.o
                0x08004ea8                HAL_TIM_PWM_Start
 .text.HAL_TIM_IRQHandler
                0x080050a8      0x29e ./Drivers/STM32G4xx_HAL_Driver/Src/stm32g4xx_hal_tim.o
                0x080050a8                HAL_TIM_IRQHandler
 *fill*         0x08005346        0x2 
 .text.HAL_TIM_PWM_ConfigChannel
                0x08005348      0x228 ./Drivers/STM32G4xx_HAL_Driver/Src/stm32g4xx_hal_tim.o
                0x08005348                HAL_TIM_PWM_ConfigChannel
 .text.HAL_TIM_ConfigClockSource
                0x08005570      0x1f4 ./Drivers/STM32G4xx_HAL_Driver/Src/stm32g4xx_hal_tim.o
                0x08005570                HAL_TIM_ConfigClockSource
 .text.HAL_TIM_OC_DelayElapsedCallback
                0x08005764       0x14 ./Drivers/STM32G4xx_HAL_Driver/Src/stm32g4xx_hal_tim.o
                0x08005764                HAL_TIM_OC_DelayElapsedCallback
 .text.HAL_TIM_IC_CaptureCallback
                0x08005778       0x14 ./Drivers/STM32G4xx_HAL_Driver/Src/stm32g4xx_hal_tim.o
                0x08005778                HAL_TIM_IC_CaptureCallback
 .text.HAL_TIM_PWM_PulseFinishedCallback
                0x0800578c       0x14 ./Drivers/STM32G4xx_HAL_Driver/Src/stm32g4xx_hal_tim.o
                0x0800578c                HAL_TIM_PWM_PulseFinishedCallback
 .text.HAL_TIM_TriggerCallback
                0x080057a0       0x14 ./Drivers/STM32G4xx_HAL_Driver/Src/stm32g4xx_hal_tim.o
                0x080057a0                HAL_TIM_TriggerCallback
 .text.TIM_Base_SetConfig
                0x080057b4      0x138 ./Drivers/STM32G4xx_HAL_Driver/Src/stm32g4xx_hal_tim.o
                0x080057b4                TIM_Base_SetConfig
 .text.TIM_OC1_SetConfig
                0x080058ec      0x120 ./Drivers/STM32G4xx_HAL_Driver/Src/stm32g4xx_hal_tim.o
 .text.TIM_OC2_SetConfig
                0x08005a0c      0x114 ./Drivers/STM32G4xx_HAL_Driver/Src/stm32g4xx_hal_tim.o
                0x08005a0c                TIM_OC2_SetConfig
 .text.TIM_OC3_SetConfig
                0x08005b20      0x110 ./Drivers/STM32G4xx_HAL_Driver/Src/stm32g4xx_hal_tim.o
 .text.TIM_OC4_SetConfig
                0x08005c30      0x114 ./Drivers/STM32G4xx_HAL_Driver/Src/stm32g4xx_hal_tim.o
 .text.TIM_OC5_SetConfig
                0x08005d44       0xc8 ./Drivers/STM32G4xx_HAL_Driver/Src/stm32g4xx_hal_tim.o
 .text.TIM_OC6_SetConfig
                0x08005e0c       0xcc ./Drivers/STM32G4xx_HAL_Driver/Src/stm32g4xx_hal_tim.o
 .text.TIM_TI1_ConfigInputStage
                0x08005ed8       0x5e ./Drivers/STM32G4xx_HAL_Driver/Src/stm32g4xx_hal_tim.o
 .text.TIM_TI2_ConfigInputStage
                0x08005f36       0x60 ./Drivers/STM32G4xx_HAL_Driver/Src/stm32g4xx_hal_tim.o
 .text.TIM_ITRx_SetConfig
                0x08005f96       0x3a ./Drivers/STM32G4xx_HAL_Driver/Src/stm32g4xx_hal_tim.o
 .text.TIM_ETR_SetConfig
                0x08005fd0       0x40 ./Drivers/STM32G4xx_HAL_Driver/Src/stm32g4xx_hal_tim.o
                0x08005fd0                TIM_ETR_SetConfig
 .text.TIM_CCxChannelCmd
                0x08006010       0x4a ./Drivers/STM32G4xx_HAL_Driver/Src/stm32g4xx_hal_tim.o
                0x08006010                TIM_CCxChannelCmd
 *fill*         0x0800605a        0x2 
 .text.HAL_TIMEx_MasterConfigSynchronization
                0x0800605c      0x104 ./Drivers/STM32G4xx_HAL_Driver/Src/stm32g4xx_hal_tim_ex.o
                0x0800605c                HAL_TIMEx_MasterConfigSynchronization
 .text.HAL_TIMEx_ConfigBreakDeadTime
                0x08006160      0x118 ./Drivers/STM32G4xx_HAL_Driver/Src/stm32g4xx_hal_tim_ex.o
                0x08006160                HAL_TIMEx_ConfigBreakDeadTime
 .text.HAL_TIMEx_CommutCallback
                0x08006278       0x14 ./Drivers/STM32G4xx_HAL_Driver/Src/stm32g4xx_hal_tim_ex.o
                0x08006278                HAL_TIMEx_CommutCallback
 .text.HAL_TIMEx_BreakCallback
                0x0800628c       0x14 ./Drivers/STM32G4xx_HAL_Driver/Src/stm32g4xx_hal_tim_ex.o
                0x0800628c                HAL_TIMEx_BreakCallback
 .text.HAL_TIMEx_Break2Callback
                0x080062a0       0x14 ./Drivers/STM32G4xx_HAL_Driver/Src/stm32g4xx_hal_tim_ex.o
                0x080062a0                HAL_TIMEx_Break2Callback
 .text.HAL_TIMEx_EncoderIndexCallback
                0x080062b4       0x14 ./Drivers/STM32G4xx_HAL_Driver/Src/stm32g4xx_hal_tim_ex.o
                0x080062b4                HAL_TIMEx_EncoderIndexCallback
 .text.HAL_TIMEx_DirectionChangeCallback
                0x080062c8       0x14 ./Drivers/STM32G4xx_HAL_Driver/Src/stm32g4xx_hal_tim_ex.o
                0x080062c8                HAL_TIMEx_DirectionChangeCallback
 .text.HAL_TIMEx_IndexErrorCallback
                0x080062dc       0x14 ./Drivers/STM32G4xx_HAL_Driver/Src/stm32g4xx_hal_tim_ex.o
                0x080062dc                HAL_TIMEx_IndexErrorCallback
 .text.HAL_TIMEx_TransitionErrorCallback
                0x080062f0       0x14 ./Drivers/STM32G4xx_HAL_Driver/Src/stm32g4xx_hal_tim_ex.o
                0x080062f0                HAL_TIMEx_TransitionErrorCallback
 .text.__NVIC_SetPriority
                0x08006304       0x54 ./Middlewares/Third_Party/FreeRTOS/Source/CMSIS_RTOS_V2/cmsis_os2.o
 .text.SysTick_Handler
                0x08006358       0x20 ./Middlewares/Third_Party/FreeRTOS/Source/CMSIS_RTOS_V2/cmsis_os2.o
                0x08006358                SysTick_Handler
 .text.SVC_Setup
                0x08006378       0x12 ./Middlewares/Third_Party/FreeRTOS/Source/CMSIS_RTOS_V2/cmsis_os2.o
 *fill*         0x0800638a        0x2 
 .text.osKernelInitialize
                0x0800638c       0x48 ./Middlewares/Third_Party/FreeRTOS/Source/CMSIS_RTOS_V2/cmsis_os2.o
                0x0800638c                osKernelInitialize
 .text.osKernelStart
                0x080063d4       0x4c ./Middlewares/Third_Party/FreeRTOS/Source/CMSIS_RTOS_V2/cmsis_os2.o
                0x080063d4                osKernelStart
 .text.osThreadNew
                0x08006420      0x124 ./Middlewares/Third_Party/FreeRTOS/Source/CMSIS_RTOS_V2/cmsis_os2.o
                0x08006420                osThreadNew
 .text.osDelay  0x08006544       0x36 ./Middlewares/Third_Party/FreeRTOS/Source/CMSIS_RTOS_V2/cmsis_os2.o
                0x08006544                osDelay
 *fill*         0x0800657a        0x2 
 .text.vApplicationGetIdleTaskMemory
                0x0800657c       0x34 ./Middlewares/Third_Party/FreeRTOS/Source/CMSIS_RTOS_V2/cmsis_os2.o
                0x0800657c                vApplicationGetIdleTaskMemory
 .text.vApplicationGetTimerTaskMemory
                0x080065b0       0x34 ./Middlewares/Third_Party/FreeRTOS/Source/CMSIS_RTOS_V2/cmsis_os2.o
                0x080065b0                vApplicationGetTimerTaskMemory
 .text.vListInitialise
                0x080065e4       0x40 ./Middlewares/Third_Party/FreeRTOS/Source/list.o
                0x080065e4                vListInitialise
 .text.vListInitialiseItem
                0x08006624       0x1a ./Middlewares/Third_Party/FreeRTOS/Source/list.o
                0x08006624                vListInitialiseItem
 .text.vListInsertEnd
                0x0800663e       0x48 ./Middlewares/Third_Party/FreeRTOS/Source/list.o
                0x0800663e                vListInsertEnd
 .text.vListInsert
                0x08006686       0x72 ./Middlewares/Third_Party/FreeRTOS/Source/list.o
                0x08006686                vListInsert
 .text.uxListRemove
                0x080066f8       0x54 ./Middlewares/Third_Party/FreeRTOS/Source/list.o
                0x080066f8                uxListRemove
 .text.xQueueGenericReset
                0x0800674c       0xd4 ./Middlewares/Third_Party/FreeRTOS/Source/queue.o
                0x0800674c                xQueueGenericReset
 .text.xQueueGenericCreateStatic
                0x08006820       0xfa ./Middlewares/Third_Party/FreeRTOS/Source/queue.o
                0x08006820                xQueueGenericCreateStatic
 .text.prvInitialiseNewQueue
                0x0800691a       0x46 ./Middlewares/Third_Party/FreeRTOS/Source/queue.o
 .text.xQueueGenericSend
                0x08006960      0x204 ./Middlewares/Third_Party/FreeRTOS/Source/queue.o
                0x08006960                xQueueGenericSend
 .text.xQueueGenericSendFromISR
                0x08006b64      0x13c ./Middlewares/Third_Party/FreeRTOS/Source/queue.o
                0x08006b64                xQueueGenericSendFromISR
 .text.xQueueReceive
                0x08006ca0      0x1c4 ./Middlewares/Third_Party/FreeRTOS/Source/queue.o
                0x08006ca0                xQueueReceive
 .text.prvCopyDataToQueue
                0x08006e64       0xd4 ./Middlewares/Third_Party/FreeRTOS/Source/queue.o
 .text.prvCopyDataFromQueue
                0x08006f38       0x4c ./Middlewares/Third_Party/FreeRTOS/Source/queue.o
 .text.prvUnlockQueue
                0x08006f84       0xa4 ./Middlewares/Third_Party/FreeRTOS/Source/queue.o
 .text.prvIsQueueEmpty
                0x08007028       0x2c ./Middlewares/Third_Party/FreeRTOS/Source/queue.o
 .text.prvIsQueueFull
                0x08007054       0x30 ./Middlewares/Third_Party/FreeRTOS/Source/queue.o
 .text.vQueueAddToRegistry
                0x08007084       0x54 ./Middlewares/Third_Party/FreeRTOS/Source/queue.o
                0x08007084                vQueueAddToRegistry
 .text.vQueueWaitForMessageRestricted
                0x080070d8       0x68 ./Middlewares/Third_Party/FreeRTOS/Source/queue.o
                0x080070d8                vQueueWaitForMessageRestricted
 .text.xTaskCreateStatic
                0x08007140       0xc0 ./Middlewares/Third_Party/FreeRTOS/Source/tasks.o
                0x08007140                xTaskCreateStatic
 .text.xTaskCreate
                0x08007200       0x8a ./Middlewares/Third_Party/FreeRTOS/Source/tasks.o
                0x08007200                xTaskCreate
 *fill*         0x0800728a        0x2 
 .text.prvInitialiseNewTask
                0x0800728c      0x150 ./Middlewares/Third_Party/FreeRTOS/Source/tasks.o
 .text.prvAddNewTaskToReadyList
                0x080073dc       0xe0 ./Middlewares/Third_Party/FreeRTOS/Source/tasks.o
 .text.vTaskDelay
                0x080074bc       0x6c ./Middlewares/Third_Party/FreeRTOS/Source/tasks.o
                0x080074bc                vTaskDelay
 .text.vTaskStartScheduler
                0x08007528       0xe0 ./Middlewares/Third_Party/FreeRTOS/Source/tasks.o
                0x08007528                vTaskStartScheduler
 .text.vTaskSuspendAll
                0x08007608       0x1c ./Middlewares/Third_Party/FreeRTOS/Source/tasks.o
                0x08007608                vTaskSuspendAll
 .text.xTaskResumeAll
                0x08007624      0x13c ./Middlewares/Third_Party/FreeRTOS/Source/tasks.o
                0x08007624                xTaskResumeAll
 .text.xTaskGetTickCount
                0x08007760       0x20 ./Middlewares/Third_Party/FreeRTOS/Source/tasks.o
                0x08007760                xTaskGetTickCount
 .text.xTaskIncrementTick
                0x08007780      0x174 ./Middlewares/Third_Party/FreeRTOS/Source/tasks.o
                0x08007780                xTaskIncrementTick
 .text.vTaskSwitchContext
                0x080078f4       0xcc ./Middlewares/Third_Party/FreeRTOS/Source/tasks.o
                0x080078f4                vTaskSwitchContext
 .text.vTaskPlaceOnEventList
                0x080079c0       0x4c ./Middlewares/Third_Party/FreeRTOS/Source/tasks.o
                0x080079c0                vTaskPlaceOnEventList
 .text.vTaskPlaceOnEventListRestricted
                0x08007a0c       0x58 ./Middlewares/Third_Party/FreeRTOS/Source/tasks.o
                0x08007a0c                vTaskPlaceOnEventListRestricted
 .text.xTaskRemoveFromEventList
                0x08007a64       0xc8 ./Middlewares/Third_Party/FreeRTOS/Source/tasks.o
                0x08007a64                xTaskRemoveFromEventList
 .text.vTaskInternalSetTimeOutState
                0x08007b2c       0x2c ./Middlewares/Third_Party/FreeRTOS/Source/tasks.o
                0x08007b2c                vTaskInternalSetTimeOutState
 .text.xTaskCheckForTimeOut
                0x08007b58       0xc8 ./Middlewares/Third_Party/FreeRTOS/Source/tasks.o
                0x08007b58                xTaskCheckForTimeOut
 .text.vTaskMissedYield
                0x08007c20       0x18 ./Middlewares/Third_Party/FreeRTOS/Source/tasks.o
                0x08007c20                vTaskMissedYield
 .text.prvIdleTask
                0x08007c38       0x30 ./Middlewares/Third_Party/FreeRTOS/Source/tasks.o
 .text.prvInitialiseTaskLists
                0x08007c68       0x80 ./Middlewares/Third_Party/FreeRTOS/Source/tasks.o
 .text.prvCheckTasksWaitingTermination
                0x08007ce8       0x5c ./Middlewares/Third_Party/FreeRTOS/Source/tasks.o
 .text.prvDeleteTCB
                0x08007d44       0x6a ./Middlewares/Third_Party/FreeRTOS/Source/tasks.o
 *fill*         0x08007dae        0x2 
 .text.prvResetNextTaskUnblockTime
                0x08007db0       0x40 ./Middlewares/Third_Party/FreeRTOS/Source/tasks.o
 .text.xTaskGetSchedulerState
                0x08007df0       0x3c ./Middlewares/Third_Party/FreeRTOS/Source/tasks.o
                0x08007df0                xTaskGetSchedulerState
 .text.xTaskPriorityDisinherit
                0x08007e2c       0xe0 ./Middlewares/Third_Party/FreeRTOS/Source/tasks.o
                0x08007e2c                xTaskPriorityDisinherit
 .text.prvAddCurrentTaskToDelayedList
                0x08007f0c       0xa8 ./Middlewares/Third_Party/FreeRTOS/Source/tasks.o
 .text.xTimerCreateTimerTask
                0x08007fb4       0x94 ./Middlewares/Third_Party/FreeRTOS/Source/timers.o
                0x08007fb4                xTimerCreateTimerTask
 .text.xTimerGenericCommand
                0x08008048       0x9c ./Middlewares/Third_Party/FreeRTOS/Source/timers.o
                0x08008048                xTimerGenericCommand
 .text.prvProcessExpiredTimer
                0x080080e4       0x9c ./Middlewares/Third_Party/FreeRTOS/Source/timers.o
 .text.prvTimerTask
                0x08008180       0x26 ./Middlewares/Third_Party/FreeRTOS/Source/timers.o
 *fill*         0x080081a6        0x2 
 .text.prvProcessTimerOrBlockTask
                0x080081a8       0x9c ./Middlewares/Third_Party/FreeRTOS/Source/timers.o
 .text.prvGetNextExpireTime
                0x08008244       0x48 ./Middlewares/Third_Party/FreeRTOS/Source/timers.o
 .text.prvSampleTimeNow
                0x0800828c       0x40 ./Middlewares/Third_Party/FreeRTOS/Source/timers.o
 .text.prvInsertTimerInActiveList
                0x080082cc       0x84 ./Middlewares/Third_Party/FreeRTOS/Source/timers.o
 .text.prvProcessReceivedCommands
                0x08008350      0x1cc ./Middlewares/Third_Party/FreeRTOS/Source/timers.o
 .text.prvSwitchTimerLists
                0x0800851c       0xcc ./Middlewares/Third_Party/FreeRTOS/Source/timers.o
 .text.prvCheckForValidListAndQueue
                0x080085e8       0x80 ./Middlewares/Third_Party/FreeRTOS/Source/timers.o
 .text.pxPortInitialiseStack
                0x08008668       0x68 ./Middlewares/Third_Party/FreeRTOS/Source/portable/GCC/ARM_CM4F/port.o
                0x08008668                pxPortInitialiseStack
 .text.prvTaskExitError
                0x080086d0       0x5c ./Middlewares/Third_Party/FreeRTOS/Source/portable/GCC/ARM_CM4F/port.o
 *fill*         0x0800872c        0x4 
 .text.SVC_Handler
                0x08008730       0x28 ./Middlewares/Third_Party/FreeRTOS/Source/portable/GCC/ARM_CM4F/port.o
                0x08008730                SVC_Handler
 .text.prvPortStartFirstTask
                0x08008758       0x28 ./Middlewares/Third_Party/FreeRTOS/Source/portable/GCC/ARM_CM4F/port.o
 .text.xPortStartScheduler
                0x08008780      0x148 ./Middlewares/Third_Party/FreeRTOS/Source/portable/GCC/ARM_CM4F/port.o
                0x08008780                xPortStartScheduler
 .text.vPortEnterCritical
                0x080088c8       0x64 ./Middlewares/Third_Party/FreeRTOS/Source/portable/GCC/ARM_CM4F/port.o
                0x080088c8                vPortEnterCritical
 .text.vPortExitCritical
                0x0800892c       0x54 ./Middlewares/Third_Party/FreeRTOS/Source/portable/GCC/ARM_CM4F/port.o
                0x0800892c                vPortExitCritical
 .text.PendSV_Handler
                0x08008980       0x68 ./Middlewares/Third_Party/FreeRTOS/Source/portable/GCC/ARM_CM4F/port.o
                0x08008980                PendSV_Handler
 .text.xPortSysTickHandler
                0x080089e8       0x44 ./Middlewares/Third_Party/FreeRTOS/Source/portable/GCC/ARM_CM4F/port.o
                0x080089e8                xPortSysTickHandler
 .text.vPortSetupTimerInterrupt
                0x08008a2c       0x48 ./Middlewares/Third_Party/FreeRTOS/Source/portable/GCC/ARM_CM4F/port.o
                0x08008a2c                vPortSetupTimerInterrupt
 .text.vPortEnableVFP
                0x08008a74       0x14 ./Middlewares/Third_Party/FreeRTOS/Source/portable/GCC/ARM_CM4F/port.o
 .text.vPortValidateInterruptPriority
                0x08008a88       0x84 ./Middlewares/Third_Party/FreeRTOS/Source/portable/GCC/ARM_CM4F/port.o
                0x08008a88                vPortValidateInterruptPriority
 .text.pvPortMalloc
                0x08008b0c      0x19c ./Middlewares/Third_Party/FreeRTOS/Source/portable/MemMang/heap_4.o
                0x08008b0c                pvPortMalloc
 .text.vPortFree
                0x08008ca8       0xc8 ./Middlewares/Third_Party/FreeRTOS/Source/portable/MemMang/heap_4.o
                0x08008ca8                vPortFree
 .text.prvHeapInit
                0x08008d70       0xc4 ./Middlewares/Third_Party/FreeRTOS/Source/portable/MemMang/heap_4.o
 .text.prvInsertBlockIntoFreeList
                0x08008e34       0xb4 ./Middlewares/Third_Party/FreeRTOS/Source/portable/MemMang/heap_4.o
 .text.memset   0x08008ee8       0x10 C:/ST/STM32CubeIDE_1.16.1/STM32CubeIDE/plugins/com.st.stm32cube.ide.mcu.externaltools.gnu-tools-for-stm32.12.3.rel1.win32_1.0.200.202406191623/tools/bin/../lib/gcc/arm-none-eabi/12.3.1/../../../../arm-none-eabi/lib/thumb/v7e-m+fp/hard\libc_nano.a(libc_a-memset.o)
                0x08008ee8                memset
 .text._reclaim_reent
                0x08008ef8       0xac C:/ST/STM32CubeIDE_1.16.1/STM32CubeIDE/plugins/com.st.stm32cube.ide.mcu.externaltools.gnu-tools-for-stm32.12.3.rel1.win32_1.0.200.202406191623/tools/bin/../lib/gcc/arm-none-eabi/12.3.1/../../../../arm-none-eabi/lib/thumb/v7e-m+fp/hard\libc_nano.a(libc_a-reent.o)
                0x08008ef8                _reclaim_reent
 .text.__libc_init_array
                0x08008fa4       0x48 C:/ST/STM32CubeIDE_1.16.1/STM32CubeIDE/plugins/com.st.stm32cube.ide.mcu.externaltools.gnu-tools-for-stm32.12.3.rel1.win32_1.0.200.202406191623/tools/bin/../lib/gcc/arm-none-eabi/12.3.1/../../../../arm-none-eabi/lib/thumb/v7e-m+fp/hard\libc_nano.a(libc_a-init.o)
                0x08008fa4                __libc_init_array
 .text.__retarget_lock_acquire_recursive
                0x08008fec        0x2 C:/ST/STM32CubeIDE_1.16.1/STM32CubeIDE/plugins/com.st.stm32cube.ide.mcu.externaltools.gnu-tools-for-stm32.12.3.rel1.win32_1.0.200.202406191623/tools/bin/../lib/gcc/arm-none-eabi/12.3.1/../../../../arm-none-eabi/lib/thumb/v7e-m+fp/hard\libc_nano.a(libc_a-lock.o)
                0x08008fec                __retarget_lock_acquire_recursive
 .text.__retarget_lock_release_recursive
                0x08008fee        0x2 C:/ST/STM32CubeIDE_1.16.1/STM32CubeIDE/plugins/com.st.stm32cube.ide.mcu.externaltools.gnu-tools-for-stm32.12.3.rel1.win32_1.0.200.202406191623/tools/bin/../lib/gcc/arm-none-eabi/12.3.1/../../../../arm-none-eabi/lib/thumb/v7e-m+fp/hard\libc_nano.a(libc_a-lock.o)
                0x08008fee                __retarget_lock_release_recursive
 .text.memcpy   0x08008ff0       0x1c C:/ST/STM32CubeIDE_1.16.1/STM32CubeIDE/plugins/com.st.stm32cube.ide.mcu.externaltools.gnu-tools-for-stm32.12.3.rel1.win32_1.0.200.202406191623/tools/bin/../lib/gcc/arm-none-eabi/12.3.1/../../../../arm-none-eabi/lib/thumb/v7e-m+fp/hard\libc_nano.a(libc_a-memcpy-stub.o)
                0x08008ff0                memcpy
 .text._free_r  0x0800900c       0x94 C:/ST/STM32CubeIDE_1.16.1/STM32CubeIDE/plugins/com.st.stm32cube.ide.mcu.externaltools.gnu-tools-for-stm32.12.3.rel1.win32_1.0.200.202406191623/tools/bin/../lib/gcc/arm-none-eabi/12.3.1/../../../../arm-none-eabi/lib/thumb/v7e-m+fp/hard\libc_nano.a(libc_a-freer.o)
                0x0800900c                _free_r
 .text.__malloc_lock
                0x080090a0        0xc C:/ST/STM32CubeIDE_1.16.1/STM32CubeIDE/plugins/com.st.stm32cube.ide.mcu.externaltools.gnu-tools-for-stm32.12.3.rel1.win32_1.0.200.202406191623/tools/bin/../lib/gcc/arm-none-eabi/12.3.1/../../../../arm-none-eabi/lib/thumb/v7e-m+fp/hard\libc_nano.a(libc_a-mlock.o)
                0x080090a0                __malloc_lock
 .text.__malloc_unlock
                0x080090ac        0xc C:/ST/STM32CubeIDE_1.16.1/STM32CubeIDE/plugins/com.st.stm32cube.ide.mcu.externaltools.gnu-tools-for-stm32.12.3.rel1.win32_1.0.200.202406191623/tools/bin/../lib/gcc/arm-none-eabi/12.3.1/../../../../arm-none-eabi/lib/thumb/v7e-m+fp/hard\libc_nano.a(libc_a-mlock.o)
                0x080090ac                __malloc_unlock
 *(.glue_7)
 .glue_7        0x080090b8        0x0 linker stubs
 *(.glue_7t)
 .glue_7t       0x080090b8        0x0 linker stubs
 *(.eh_frame)
 .eh_frame      0x080090b8        0x0 C:/ST/STM32CubeIDE_1.16.1/STM32CubeIDE/plugins/com.st.stm32cube.ide.mcu.externaltools.gnu-tools-for-stm32.12.3.rel1.win32_1.0.200.202406191623/tools/bin/../lib/gcc/arm-none-eabi/12.3.1/thumb/v7e-m+fp/hard/crtbegin.o
 *(.init)
 .init          0x080090b8        0x4 C:/ST/STM32CubeIDE_1.16.1/STM32CubeIDE/plugins/com.st.stm32cube.ide.mcu.externaltools.gnu-tools-for-stm32.12.3.rel1.win32_1.0.200.202406191623/tools/bin/../lib/gcc/arm-none-eabi/12.3.1/thumb/v7e-m+fp/hard/crti.o
                0x080090b8                _init
 .init          0x080090bc        0x8 C:/ST/STM32CubeIDE_1.16.1/STM32CubeIDE/plugins/com.st.stm32cube.ide.mcu.externaltools.gnu-tools-for-stm32.12.3.rel1.win32_1.0.200.202406191623/tools/bin/../lib/gcc/arm-none-eabi/12.3.1/thumb/v7e-m+fp/hard/crtn.o
 *(.fini)
 .fini          0x080090c4        0x4 C:/ST/STM32CubeIDE_1.16.1/STM32CubeIDE/plugins/com.st.stm32cube.ide.mcu.externaltools.gnu-tools-for-stm32.12.3.rel1.win32_1.0.200.202406191623/tools/bin/../lib/gcc/arm-none-eabi/12.3.1/thumb/v7e-m+fp/hard/crti.o
                0x080090c4                _fini
 .fini          0x080090c8        0x8 C:/ST/STM32CubeIDE_1.16.1/STM32CubeIDE/plugins/com.st.stm32cube.ide.mcu.externaltools.gnu-tools-for-stm32.12.3.rel1.win32_1.0.200.202406191623/tools/bin/../lib/gcc/arm-none-eabi/12.3.1/thumb/v7e-m+fp/hard/crtn.o
                0x080090d0                        . = ALIGN (0x4)
                0x080090d0                        _etext = .

.vfp11_veneer   0x080090d0        0x0
 .vfp11_veneer  0x080090d0        0x0 linker stubs

.v4_bx          0x080090d0        0x0
 .v4_bx         0x080090d0        0x0 linker stubs

.iplt           0x080090d0        0x0
 .iplt          0x080090d0        0x0 C:/ST/STM32CubeIDE_1.16.1/STM32CubeIDE/plugins/com.st.stm32cube.ide.mcu.externaltools.gnu-tools-for-stm32.12.3.rel1.win32_1.0.200.202406191623/tools/bin/../lib/gcc/arm-none-eabi/12.3.1/thumb/v7e-m+fp/hard/crtbegin.o

.rodata         0x080090d0       0xf8
                0x080090d0                        . = ALIGN (0x4)
 *(.rodata)
 .rodata        0x080090d0       0x35 ./Core/Src/app_freertos.o
 *fill*         0x08009105        0x3 
 .rodata        0x08009108        0x5 ./Middlewares/Third_Party/FreeRTOS/Source/tasks.o
 *fill*         0x0800910d        0x3 
 .rodata        0x08009110        0xd ./Middlewares/Third_Party/FreeRTOS/Source/timers.o
 *(.rodata*)
 *fill*         0x0800911d        0x3 
 .rodata.defaultTask_attributes
                0x08009120       0x24 ./Core/Src/app_freertos.o
                0x08009120                defaultTask_attributes
 .rodata.EncoderTask_attributes
                0x08009144       0x24 ./Core/Src/app_freertos.o
                0x08009144                EncoderTask_attributes
 .rodata.StepperRegTask_attributes
                0x08009168       0x24 ./Core/Src/app_freertos.o
                0x08009168                StepperRegTask_attributes
 .rodata.FeedbackTask_attributes
                0x0800918c       0x24 ./Core/Src/app_freertos.o
                0x0800918c                FeedbackTask_attributes
 .rodata.AHBPrescTable
                0x080091b0       0x10 ./Core/Src/system_stm32g4xx.o
                0x080091b0                AHBPrescTable
 .rodata.APBPrescTable
                0x080091c0        0x8 ./Core/Src/system_stm32g4xx.o
                0x080091c0                APBPrescTable
                0x080091c8                        . = ALIGN (0x4)

.ARM.extab      0x080091c8        0x0
                0x080091c8                        . = ALIGN (0x4)
 *(.ARM.extab* .gnu.linkonce.armextab.*)
                0x080091c8                        . = ALIGN (0x4)

.ARM            0x080091c8        0x0
                0x080091c8                        . = ALIGN (0x4)
                0x080091c8                        __exidx_start = .
 *(.ARM.exidx*)
                0x080091c8                        __exidx_end = .
                0x080091c8                        . = ALIGN (0x4)

.preinit_array  0x080091c8        0x0
                0x080091c8                        . = ALIGN (0x4)
                0x080091c8                        PROVIDE (__preinit_array_start = .)
 *(.preinit_array*)
                0x080091c8                        PROVIDE (__preinit_array_end = .)
                0x080091c8                        . = ALIGN (0x4)

.init_array     0x080091c8        0x4
                0x080091c8                        . = ALIGN (0x4)
                0x080091c8                        PROVIDE (__init_array_start = .)
 *(SORT_BY_NAME(.init_array.*))
 *(.init_array*)
 .init_array    0x080091c8        0x4 C:/ST/STM32CubeIDE_1.16.1/STM32CubeIDE/plugins/com.st.stm32cube.ide.mcu.externaltools.gnu-tools-for-stm32.12.3.rel1.win32_1.0.200.202406191623/tools/bin/../lib/gcc/arm-none-eabi/12.3.1/thumb/v7e-m+fp/hard/crtbegin.o
                0x080091cc                        PROVIDE (__init_array_end = .)
                0x080091cc                        . = ALIGN (0x4)

.fini_array     0x080091cc        0x4
                0x080091cc                        . = ALIGN (0x4)
                [!provide]                        PROVIDE (__fini_array_start = .)
 *(SORT_BY_NAME(.fini_array.*))
 *(.fini_array*)
 .fini_array    0x080091cc        0x4 C:/ST/STM32CubeIDE_1.16.1/STM32CubeIDE/plugins/com.st.stm32cube.ide.mcu.externaltools.gnu-tools-for-stm32.12.3.rel1.win32_1.0.200.202406191623/tools/bin/../lib/gcc/arm-none-eabi/12.3.1/thumb/v7e-m+fp/hard/crtbegin.o
                [!provide]                        PROVIDE (__fini_array_end = .)
                0x080091d0                        . = ALIGN (0x4)
                0x080091d0                        _sidata = LOADADDR (.data)

.rel.dyn        0x080091d0        0x0
 .rel.iplt      0x080091d0        0x0 C:/ST/STM32CubeIDE_1.16.1/STM32CubeIDE/plugins/com.st.stm32cube.ide.mcu.externaltools.gnu-tools-for-stm32.12.3.rel1.win32_1.0.200.202406191623/tools/bin/../lib/gcc/arm-none-eabi/12.3.1/thumb/v7e-m+fp/hard/crtbegin.o

.data           0x20000000       0x60 load address 0x080091d0
                0x20000000                        . = ALIGN (0x4)
                0x20000000                        _sdata = .
 *(.data)
 *(.data*)
 .data.SystemCoreClock
                0x20000000        0x4 ./Core/Src/system_stm32g4xx.o
                0x20000000                SystemCoreClock
 .data.uwTickPrio
                0x20000004        0x4 ./Drivers/STM32G4xx_HAL_Driver/Src/stm32g4xx_hal.o
                0x20000004                uwTickPrio
 .data.uwTickFreq
                0x20000008        0x4 ./Drivers/STM32G4xx_HAL_Driver/Src/stm32g4xx_hal.o
                0x20000008                uwTickFreq
 .data.uxCriticalNesting
                0x2000000c        0x4 ./Middlewares/Third_Party/FreeRTOS/Source/portable/GCC/ARM_CM4F/port.o
 .data._impure_ptr
                0x20000010        0x4 C:/ST/STM32CubeIDE_1.16.1/STM32CubeIDE/plugins/com.st.stm32cube.ide.mcu.externaltools.gnu-tools-for-stm32.12.3.rel1.win32_1.0.200.202406191623/tools/bin/../lib/gcc/arm-none-eabi/12.3.1/../../../../arm-none-eabi/lib/thumb/v7e-m+fp/hard\libc_nano.a(libc_a-impure.o)
                0x20000010                _impure_ptr
 .data._impure_data
                0x20000014       0x4c C:/ST/STM32CubeIDE_1.16.1/STM32CubeIDE/plugins/com.st.stm32cube.ide.mcu.externaltools.gnu-tools-for-stm32.12.3.rel1.win32_1.0.200.202406191623/tools/bin/../lib/gcc/arm-none-eabi/12.3.1/../../../../arm-none-eabi/lib/thumb/v7e-m+fp/hard\libc_nano.a(libc_a-impure.o)
                0x20000014                _impure_data
 *(.RamFunc)
 *(.RamFunc*)
                0x20000060                        . = ALIGN (0x4)
                0x20000060                        _edata = .

.igot.plt       0x20000060        0x0 load address 0x08009230
 .igot.plt      0x20000060        0x0 C:/ST/STM32CubeIDE_1.16.1/STM32CubeIDE/plugins/com.st.stm32cube.ide.mcu.externaltools.gnu-tools-for-stm32.12.3.rel1.win32_1.0.200.202406191623/tools/bin/../lib/gcc/arm-none-eabi/12.3.1/thumb/v7e-m+fp/hard/crtbegin.o
                0x20000060                        . = ALIGN (0x4)

.bss            0x20000060     0x1ed4 load address 0x08009230
                0x20000060                        _sbss = .
                0x20000060                        __bss_start__ = _sbss
 *(.bss)
 .bss           0x20000060       0x1c C:/ST/STM32CubeIDE_1.16.1/STM32CubeIDE/plugins/com.st.stm32cube.ide.mcu.externaltools.gnu-tools-for-stm32.12.3.rel1.win32_1.0.200.202406191623/tools/bin/../lib/gcc/arm-none-eabi/12.3.1/thumb/v7e-m+fp/hard/crtbegin.o
 *(.bss*)
 .bss.hadc1     0x2000007c       0x6c ./Core/Src/adc.o
                0x2000007c                hadc1
 .bss.defaultTaskHandle
                0x200000e8        0x4 ./Core/Src/app_freertos.o
                0x200000e8                defaultTaskHandle
 .bss.EncoderTaskHandle
                0x200000ec        0x4 ./Core/Src/app_freertos.o
                0x200000ec                EncoderTaskHandle
 .bss.StepperRegTaskHandle
                0x200000f0        0x4 ./Core/Src/app_freertos.o
                0x200000f0                StepperRegTaskHandle
 .bss.FeedbackTaskHandle
                0x200000f4        0x4 ./Core/Src/app_freertos.o
                0x200000f4                FeedbackTaskHandle
 .bss.hfdcan1   0x200000f8       0x64 ./Core/Src/fdcan.o
                0x200000f8                hfdcan1
 .bss.hi2c2     0x2000015c       0x54 ./Core/Src/i2c.o
                0x2000015c                hi2c2
 .bss.hspi1     0x200001b0       0x64 ./Core/Src/spi.o
                0x200001b0                hspi1
 .bss.hspi2     0x20000214       0x64 ./Core/Src/spi.o
                0x20000214                hspi2
 .bss.htim1     0x20000278       0x4c ./Core/Src/stm32g4xx_hal_timebase_tim.o
                0x20000278                htim1
 .bss.htim2     0x200002c4       0x4c ./Core/Src/tim.o
                0x200002c4                htim2
 .bss.htim6     0x20000310       0x4c ./Core/Src/tim.o
                0x20000310                htim6
 .bss.htim8     0x2000035c       0x4c ./Core/Src/tim.o
                0x2000035c                htim8
 .bss.hdma_tim8_ch4
                0x200003a8       0x60 ./Core/Src/tim.o
                0x200003a8                hdma_tim8_ch4
 .bss.uwTick    0x20000408        0x4 ./Drivers/STM32G4xx_HAL_Driver/Src/stm32g4xx_hal.o
                0x20000408                uwTick
 .bss.KernelState
                0x2000040c        0x4 ./Middlewares/Third_Party/FreeRTOS/Source/CMSIS_RTOS_V2/cmsis_os2.o
 .bss.Idle_TCB.3
                0x20000410       0xa8 ./Middlewares/Third_Party/FreeRTOS/Source/CMSIS_RTOS_V2/cmsis_os2.o
 .bss.Idle_Stack.2
                0x200004b8      0x200 ./Middlewares/Third_Party/FreeRTOS/Source/CMSIS_RTOS_V2/cmsis_os2.o
 .bss.Timer_TCB.1
                0x200006b8       0xa8 ./Middlewares/Third_Party/FreeRTOS/Source/CMSIS_RTOS_V2/cmsis_os2.o
 .bss.Timer_Stack.0
                0x20000760      0x400 ./Middlewares/Third_Party/FreeRTOS/Source/CMSIS_RTOS_V2/cmsis_os2.o
 .bss.xQueueRegistry
                0x20000b60       0x40 ./Middlewares/Third_Party/FreeRTOS/Source/queue.o
                0x20000b60                xQueueRegistry
 .bss.pxCurrentTCB
                0x20000ba0        0x4 ./Middlewares/Third_Party/FreeRTOS/Source/tasks.o
                0x20000ba0                pxCurrentTCB
 .bss.pxReadyTasksLists
                0x20000ba4      0x460 ./Middlewares/Third_Party/FreeRTOS/Source/tasks.o
 .bss.xDelayedTaskList1
                0x20001004       0x14 ./Middlewares/Third_Party/FreeRTOS/Source/tasks.o
 .bss.xDelayedTaskList2
                0x20001018       0x14 ./Middlewares/Third_Party/FreeRTOS/Source/tasks.o
 .bss.pxDelayedTaskList
                0x2000102c        0x4 ./Middlewares/Third_Party/FreeRTOS/Source/tasks.o
 .bss.pxOverflowDelayedTaskList
                0x20001030        0x4 ./Middlewares/Third_Party/FreeRTOS/Source/tasks.o
 .bss.xPendingReadyList
                0x20001034       0x14 ./Middlewares/Third_Party/FreeRTOS/Source/tasks.o
 .bss.xTasksWaitingTermination
                0x20001048       0x14 ./Middlewares/Third_Party/FreeRTOS/Source/tasks.o
 .bss.uxDeletedTasksWaitingCleanUp
                0x2000105c        0x4 ./Middlewares/Third_Party/FreeRTOS/Source/tasks.o
 .bss.xSuspendedTaskList
                0x20001060       0x14 ./Middlewares/Third_Party/FreeRTOS/Source/tasks.o
 .bss.uxCurrentNumberOfTasks
                0x20001074        0x4 ./Middlewares/Third_Party/FreeRTOS/Source/tasks.o
 .bss.xTickCount
                0x20001078        0x4 ./Middlewares/Third_Party/FreeRTOS/Source/tasks.o
 .bss.uxTopReadyPriority
                0x2000107c        0x4 ./Middlewares/Third_Party/FreeRTOS/Source/tasks.o
 .bss.xSchedulerRunning
                0x20001080        0x4 ./Middlewares/Third_Party/FreeRTOS/Source/tasks.o
 .bss.xPendedTicks
                0x20001084        0x4 ./Middlewares/Third_Party/FreeRTOS/Source/tasks.o
 .bss.xYieldPending
                0x20001088        0x4 ./Middlewares/Third_Party/FreeRTOS/Source/tasks.o
 .bss.xNumOfOverflows
                0x2000108c        0x4 ./Middlewares/Third_Party/FreeRTOS/Source/tasks.o
 .bss.uxTaskNumber
                0x20001090        0x4 ./Middlewares/Third_Party/FreeRTOS/Source/tasks.o
 .bss.xNextTaskUnblockTime
                0x20001094        0x4 ./Middlewares/Third_Party/FreeRTOS/Source/tasks.o
 .bss.xIdleTaskHandle
                0x20001098        0x4 ./Middlewares/Third_Party/FreeRTOS/Source/tasks.o
 .bss.uxSchedulerSuspended
                0x2000109c        0x4 ./Middlewares/Third_Party/FreeRTOS/Source/tasks.o
 .bss.xActiveTimerList1
                0x200010a0       0x14 ./Middlewares/Third_Party/FreeRTOS/Source/timers.o
 .bss.xActiveTimerList2
                0x200010b4       0x14 ./Middlewares/Third_Party/FreeRTOS/Source/timers.o
 .bss.pxCurrentTimerList
                0x200010c8        0x4 ./Middlewares/Third_Party/FreeRTOS/Source/timers.o
 .bss.pxOverflowTimerList
                0x200010cc        0x4 ./Middlewares/Third_Party/FreeRTOS/Source/timers.o
 .bss.xTimerQueue
                0x200010d0        0x4 ./Middlewares/Third_Party/FreeRTOS/Source/timers.o
 .bss.xTimerTaskHandle
                0x200010d4        0x4 ./Middlewares/Third_Party/FreeRTOS/Source/timers.o
 .bss.xLastTime.2
                0x200010d8        0x4 ./Middlewares/Third_Party/FreeRTOS/Source/timers.o
 .bss.ucStaticTimerQueueStorage.1
                0x200010dc       0xa0 ./Middlewares/Third_Party/FreeRTOS/Source/timers.o
 .bss.xStaticTimerQueue.0
                0x2000117c       0x50 ./Middlewares/Third_Party/FreeRTOS/Source/timers.o
 .bss.ucMaxSysCallPriority
                0x200011cc        0x1 ./Middlewares/Third_Party/FreeRTOS/Source/portable/GCC/ARM_CM4F/port.o
 *fill*         0x200011cd        0x3 
 .bss.ulMaxPRIGROUPValue
                0x200011d0        0x4 ./Middlewares/Third_Party/FreeRTOS/Source/portable/GCC/ARM_CM4F/port.o
 .bss.ucHeap    0x200011d4      0xc00 ./Middlewares/Third_Party/FreeRTOS/Source/portable/MemMang/heap_4.o
 .bss.xStart    0x20001dd4        0x8 ./Middlewares/Third_Party/FreeRTOS/Source/portable/MemMang/heap_4.o
 .bss.pxEnd     0x20001ddc        0x4 ./Middlewares/Third_Party/FreeRTOS/Source/portable/MemMang/heap_4.o
 .bss.xFreeBytesRemaining
                0x20001de0        0x4 ./Middlewares/Third_Party/FreeRTOS/Source/portable/MemMang/heap_4.o
 .bss.xMinimumEverFreeBytesRemaining
                0x20001de4        0x4 ./Middlewares/Third_Party/FreeRTOS/Source/portable/MemMang/heap_4.o
 .bss.xNumberOfSuccessfulAllocations
                0x20001de8        0x4 ./Middlewares/Third_Party/FreeRTOS/Source/portable/MemMang/heap_4.o
 .bss.xNumberOfSuccessfulFrees
                0x20001dec        0x4 ./Middlewares/Third_Party/FreeRTOS/Source/portable/MemMang/heap_4.o
 .bss.xBlockAllocatedBit
                0x20001df0        0x4 ./Middlewares/Third_Party/FreeRTOS/Source/portable/MemMang/heap_4.o
 .bss.__sf      0x20001df4      0x138 C:/ST/STM32CubeIDE_1.16.1/STM32CubeIDE/plugins/com.st.stm32cube.ide.mcu.externaltools.gnu-tools-for-stm32.12.3.rel1.win32_1.0.200.202406191623/tools/bin/../lib/gcc/arm-none-eabi/12.3.1/../../../../arm-none-eabi/lib/thumb/v7e-m+fp/hard\libc_nano.a(libc_a-findfp.o)
                0x20001df4                __sf
 .bss.__lock___malloc_recursive_mutex
                0x20001f2c        0x1 C:/ST/STM32CubeIDE_1.16.1/STM32CubeIDE/plugins/com.st.stm32cube.ide.mcu.externaltools.gnu-tools-for-stm32.12.3.rel1.win32_1.0.200.202406191623/tools/bin/../lib/gcc/arm-none-eabi/12.3.1/../../../../arm-none-eabi/lib/thumb/v7e-m+fp/hard\libc_nano.a(libc_a-lock.o)
                0x20001f2c                __lock___malloc_recursive_mutex
 *fill*         0x20001f2d        0x3 
 .bss.__malloc_free_list
                0x20001f30        0x4 C:/ST/STM32CubeIDE_1.16.1/STM32CubeIDE/plugins/com.st.stm32cube.ide.mcu.externaltools.gnu-tools-for-stm32.12.3.rel1.win32_1.0.200.202406191623/tools/bin/../lib/gcc/arm-none-eabi/12.3.1/../../../../arm-none-eabi/lib/thumb/v7e-m+fp/hard\libc_nano.a(libc_a-mallocr.o)
                0x20001f30                __malloc_free_list
 *(COMMON)
                0x20001f34                        . = ALIGN (0x4)
                0x20001f34                        _ebss = .
                0x20001f34                        __bss_end__ = _ebss

._user_heap_stack
                0x20001f34      0x604 load address 0x08009230
                0x20001f38                        . = ALIGN (0x8)
 *fill*         0x20001f34        0x4 
                [!provide]                        PROVIDE (end = .)
                0x20001f38                        PROVIDE (_end = .)
                0x20002138                        . = (. + _Min_Heap_Size)
 *fill*         0x20001f38      0x200 
                0x20002538                        . = (. + _Min_Stack_Size)
 *fill*         0x20002138      0x400 
                0x20002538                        . = ALIGN (0x8)

/DISCARD/
 libc.a(*)
 libm.a(*)
 libgcc.a(*)

.ARM.attributes
                0x00000000       0x30
 *(.ARM.attributes)
 .ARM.attributes
                0x00000000       0x22 C:/ST/STM32CubeIDE_1.16.1/STM32CubeIDE/plugins/com.st.stm32cube.ide.mcu.externaltools.gnu-tools-for-stm32.12.3.rel1.win32_1.0.200.202406191623/tools/bin/../lib/gcc/arm-none-eabi/12.3.1/thumb/v7e-m+fp/hard/crti.o
 .ARM.attributes
                0x00000022       0x34 C:/ST/STM32CubeIDE_1.16.1/STM32CubeIDE/plugins/com.st.stm32cube.ide.mcu.externaltools.gnu-tools-for-stm32.12.3.rel1.win32_1.0.200.202406191623/tools/bin/../lib/gcc/arm-none-eabi/12.3.1/thumb/v7e-m+fp/hard/crtbegin.o
 .ARM.attributes
                0x00000056       0x34 ./Core/Src/DRV_8711.o
 .ARM.attributes
                0x0000008a       0x34 ./Core/Src/adc.o
 .ARM.attributes
                0x000000be       0x34 ./Core/Src/app_freertos.o
 .ARM.attributes
                0x000000f2       0x34 ./Core/Src/dma.o
 .ARM.attributes
                0x00000126       0x34 ./Core/Src/fdcan.o
 .ARM.attributes
                0x0000015a       0x34 ./Core/Src/gpio.o
 .ARM.attributes
                0x0000018e       0x34 ./Core/Src/i2c.o
 .ARM.attributes
                0x000001c2       0x34 ./Core/Src/main.o
 .ARM.attributes
                0x000001f6       0x34 ./Core/Src/spi.o
 .ARM.attributes
                0x0000022a       0x34 ./Core/Src/stm32g4xx_hal_msp.o
 .ARM.attributes
                0x0000025e       0x34 ./Core/Src/stm32g4xx_hal_timebase_tim.o
 .ARM.attributes
                0x00000292       0x34 ./Core/Src/stm32g4xx_it.o
 .ARM.attributes
                0x000002c6       0x34 ./Core/Src/system_stm32g4xx.o
 .ARM.attributes
                0x000002fa       0x34 ./Core/Src/tim.o
 .ARM.attributes
                0x0000032e       0x21 ./Core/Startup/startup_stm32g431cbtx.o
 .ARM.attributes
                0x0000034f       0x34 ./Drivers/STM32G4xx_HAL_Driver/Src/stm32g4xx_hal.o
 .ARM.attributes
                0x00000383       0x34 ./Drivers/STM32G4xx_HAL_Driver/Src/stm32g4xx_hal_adc.o
 .ARM.attributes
                0x000003b7       0x34 ./Drivers/STM32G4xx_HAL_Driver/Src/stm32g4xx_hal_adc_ex.o
 .ARM.attributes
                0x000003eb       0x34 ./Drivers/STM32G4xx_HAL_Driver/Src/stm32g4xx_hal_cortex.o
 .ARM.attributes
                0x0000041f       0x34 ./Drivers/STM32G4xx_HAL_Driver/Src/stm32g4xx_hal_dma.o
 .ARM.attributes
                0x00000453       0x34 ./Drivers/STM32G4xx_HAL_Driver/Src/stm32g4xx_hal_fdcan.o
 .ARM.attributes
                0x00000487       0x34 ./Drivers/STM32G4xx_HAL_Driver/Src/stm32g4xx_hal_gpio.o
 .ARM.attributes
                0x000004bb       0x34 ./Drivers/STM32G4xx_HAL_Driver/Src/stm32g4xx_hal_i2c.o
 .ARM.attributes
                0x000004ef       0x34 ./Drivers/STM32G4xx_HAL_Driver/Src/stm32g4xx_hal_i2c_ex.o
 .ARM.attributes
                0x00000523       0x34 ./Drivers/STM32G4xx_HAL_Driver/Src/stm32g4xx_hal_pwr_ex.o
 .ARM.attributes
                0x00000557       0x34 ./Drivers/STM32G4xx_HAL_Driver/Src/stm32g4xx_hal_rcc.o
 .ARM.attributes
                0x0000058b       0x34 ./Drivers/STM32G4xx_HAL_Driver/Src/stm32g4xx_hal_rcc_ex.o
 .ARM.attributes
                0x000005bf       0x34 ./Drivers/STM32G4xx_HAL_Driver/Src/stm32g4xx_hal_spi.o
 .ARM.attributes
                0x000005f3       0x34 ./Drivers/STM32G4xx_HAL_Driver/Src/stm32g4xx_hal_tim.o
 .ARM.attributes
                0x00000627       0x34 ./Drivers/STM32G4xx_HAL_Driver/Src/stm32g4xx_hal_tim_ex.o
 .ARM.attributes
                0x0000065b       0x34 ./Middlewares/Third_Party/FreeRTOS/Source/CMSIS_RTOS_V2/cmsis_os2.o
 .ARM.attributes
                0x0000068f       0x34 ./Middlewares/Third_Party/FreeRTOS/Source/list.o
 .ARM.attributes
                0x000006c3       0x34 ./Middlewares/Third_Party/FreeRTOS/Source/queue.o
 .ARM.attributes
                0x000006f7       0x34 ./Middlewares/Third_Party/FreeRTOS/Source/tasks.o
 .ARM.attributes
                0x0000072b       0x34 ./Middlewares/Third_Party/FreeRTOS/Source/timers.o
 .ARM.attributes
                0x0000075f       0x34 ./Middlewares/Third_Party/FreeRTOS/Source/portable/GCC/ARM_CM4F/port.o
 .ARM.attributes
                0x00000793       0x34 ./Middlewares/Third_Party/FreeRTOS/Source/portable/MemMang/heap_4.o
 .ARM.attributes
                0x000007c7       0x34 C:/ST/STM32CubeIDE_1.16.1/STM32CubeIDE/plugins/com.st.stm32cube.ide.mcu.externaltools.gnu-tools-for-stm32.12.3.rel1.win32_1.0.200.202406191623/tools/bin/../lib/gcc/arm-none-eabi/12.3.1/../../../../arm-none-eabi/lib/thumb/v7e-m+fp/hard\libc_nano.a(libc_a-findfp.o)
 .ARM.attributes
                0x000007fb       0x34 C:/ST/STM32CubeIDE_1.16.1/STM32CubeIDE/plugins/com.st.stm32cube.ide.mcu.externaltools.gnu-tools-for-stm32.12.3.rel1.win32_1.0.200.202406191623/tools/bin/../lib/gcc/arm-none-eabi/12.3.1/../../../../arm-none-eabi/lib/thumb/v7e-m+fp/hard\libc_nano.a(libc_a-memset.o)
 .ARM.attributes
                0x0000082f       0x34 C:/ST/STM32CubeIDE_1.16.1/STM32CubeIDE/plugins/com.st.stm32cube.ide.mcu.externaltools.gnu-tools-for-stm32.12.3.rel1.win32_1.0.200.202406191623/tools/bin/../lib/gcc/arm-none-eabi/12.3.1/../../../../arm-none-eabi/lib/thumb/v7e-m+fp/hard\libc_nano.a(libc_a-reent.o)
 .ARM.attributes
                0x00000863       0x34 C:/ST/STM32CubeIDE_1.16.1/STM32CubeIDE/plugins/com.st.stm32cube.ide.mcu.externaltools.gnu-tools-for-stm32.12.3.rel1.win32_1.0.200.202406191623/tools/bin/../lib/gcc/arm-none-eabi/12.3.1/../../../../arm-none-eabi/lib/thumb/v7e-m+fp/hard\libc_nano.a(libc_a-impure.o)
 .ARM.attributes
                0x00000897       0x34 C:/ST/STM32CubeIDE_1.16.1/STM32CubeIDE/plugins/com.st.stm32cube.ide.mcu.externaltools.gnu-tools-for-stm32.12.3.rel1.win32_1.0.200.202406191623/tools/bin/../lib/gcc/arm-none-eabi/12.3.1/../../../../arm-none-eabi/lib/thumb/v7e-m+fp/hard\libc_nano.a(libc_a-init.o)
 .ARM.attributes
                0x000008cb       0x34 C:/ST/STM32CubeIDE_1.16.1/STM32CubeIDE/plugins/com.st.stm32cube.ide.mcu.externaltools.gnu-tools-for-stm32.12.3.rel1.win32_1.0.200.202406191623/tools/bin/../lib/gcc/arm-none-eabi/12.3.1/../../../../arm-none-eabi/lib/thumb/v7e-m+fp/hard\libc_nano.a(libc_a-lock.o)
 .ARM.attributes
                0x000008ff       0x34 C:/ST/STM32CubeIDE_1.16.1/STM32CubeIDE/plugins/com.st.stm32cube.ide.mcu.externaltools.gnu-tools-for-stm32.12.3.rel1.win32_1.0.200.202406191623/tools/bin/../lib/gcc/arm-none-eabi/12.3.1/../../../../arm-none-eabi/lib/thumb/v7e-m+fp/hard\libc_nano.a(libc_a-memcpy-stub.o)
 .ARM.attributes
                0x00000933       0x34 C:/ST/STM32CubeIDE_1.16.1/STM32CubeIDE/plugins/com.st.stm32cube.ide.mcu.externaltools.gnu-tools-for-stm32.12.3.rel1.win32_1.0.200.202406191623/tools/bin/../lib/gcc/arm-none-eabi/12.3.1/../../../../arm-none-eabi/lib/thumb/v7e-m+fp/hard\libc_nano.a(libc_a-freer.o)
 .ARM.attributes
                0x00000967       0x34 C:/ST/STM32CubeIDE_1.16.1/STM32CubeIDE/plugins/com.st.stm32cube.ide.mcu.externaltools.gnu-tools-for-stm32.12.3.rel1.win32_1.0.200.202406191623/tools/bin/../lib/gcc/arm-none-eabi/12.3.1/../../../../arm-none-eabi/lib/thumb/v7e-m+fp/hard\libc_nano.a(libc_a-mallocr.o)
 .ARM.attributes
                0x0000099b       0x34 C:/ST/STM32CubeIDE_1.16.1/STM32CubeIDE/plugins/com.st.stm32cube.ide.mcu.externaltools.gnu-tools-for-stm32.12.3.rel1.win32_1.0.200.202406191623/tools/bin/../lib/gcc/arm-none-eabi/12.3.1/../../../../arm-none-eabi/lib/thumb/v7e-m+fp/hard\libc_nano.a(libc_a-mlock.o)
 .ARM.attributes
                0x000009cf       0x22 C:/ST/STM32CubeIDE_1.16.1/STM32CubeIDE/plugins/com.st.stm32cube.ide.mcu.externaltools.gnu-tools-for-stm32.12.3.rel1.win32_1.0.200.202406191623/tools/bin/../lib/gcc/arm-none-eabi/12.3.1/thumb/v7e-m+fp/hard/crtn.o
OUTPUT(zad_1_rekrutacja.elf elf32-littlearm)
LOAD linker stubs
LOAD C:/ST/STM32CubeIDE_1.16.1/STM32CubeIDE/plugins/com.st.stm32cube.ide.mcu.externaltools.gnu-tools-for-stm32.12.3.rel1.win32_1.0.200.202406191623/tools/bin/../lib/gcc/arm-none-eabi/12.3.1/../../../../arm-none-eabi/lib/thumb/v7e-m+fp/hard\libc.a
LOAD C:/ST/STM32CubeIDE_1.16.1/STM32CubeIDE/plugins/com.st.stm32cube.ide.mcu.externaltools.gnu-tools-for-stm32.12.3.rel1.win32_1.0.200.202406191623/tools/bin/../lib/gcc/arm-none-eabi/12.3.1/../../../../arm-none-eabi/lib/thumb/v7e-m+fp/hard\libm.a
LOAD C:/ST/STM32CubeIDE_1.16.1/STM32CubeIDE/plugins/com.st.stm32cube.ide.mcu.externaltools.gnu-tools-for-stm32.12.3.rel1.win32_1.0.200.202406191623/tools/bin/../lib/gcc/arm-none-eabi/12.3.1/thumb/v7e-m+fp/hard\libgcc.a

.debug_info     0x00000000    0x26821
 .debug_info    0x00000000      0x84e ./Core/Src/DRV_8711.o
 .debug_info    0x0000084e      0xf16 ./Core/Src/adc.o
 .debug_info    0x00001764      0x459 ./Core/Src/app_freertos.o
 .debug_info    0x00001bbd      0x4f2 ./Core/Src/dma.o
 .debug_info    0x000020af      0xd59 ./Core/Src/fdcan.o
 .debug_info    0x00002e08      0x47f ./Core/Src/gpio.o
 .debug_info    0x00003287      0xc6f ./Core/Src/i2c.o
 .debug_info    0x00003ef6      0xc97 ./Core/Src/main.o
 .debug_info    0x00004b8d      0xb4e ./Core/Src/spi.o
 .debug_info    0x000056db      0x4ec ./Core/Src/stm32g4xx_hal_msp.o
 .debug_info    0x00005bc7      0xdbe ./Core/Src/stm32g4xx_hal_timebase_tim.o
 .debug_info    0x00006985      0xd5c ./Core/Src/stm32g4xx_it.o
 .debug_info    0x000076e1      0x58e ./Core/Src/system_stm32g4xx.o
 .debug_info    0x00007c6f     0x127c ./Core/Src/tim.o
 .debug_info    0x00008eeb       0x30 ./Core/Startup/startup_stm32g431cbtx.o
 .debug_info    0x00008f1b      0xadb ./Drivers/STM32G4xx_HAL_Driver/Src/stm32g4xx_hal.o
 .debug_info    0x000099f6     0x2063 ./Drivers/STM32G4xx_HAL_Driver/Src/stm32g4xx_hal_adc.o
 .debug_info    0x0000ba59     0x1d80 ./Drivers/STM32G4xx_HAL_Driver/Src/stm32g4xx_hal_adc_ex.o
 .debug_info    0x0000d7d9      0xd3f ./Drivers/STM32G4xx_HAL_Driver/Src/stm32g4xx_hal_cortex.o
 .debug_info    0x0000e518      0x85f ./Drivers/STM32G4xx_HAL_Driver/Src/stm32g4xx_hal_dma.o
 .debug_info    0x0000ed77     0x189c ./Drivers/STM32G4xx_HAL_Driver/Src/stm32g4xx_hal_fdcan.o
 .debug_info    0x00010613      0x763 ./Drivers/STM32G4xx_HAL_Driver/Src/stm32g4xx_hal_gpio.o
 .debug_info    0x00010d76     0x21ea ./Drivers/STM32G4xx_HAL_Driver/Src/stm32g4xx_hal_i2c.o
 .debug_info    0x00012f60      0xad6 ./Drivers/STM32G4xx_HAL_Driver/Src/stm32g4xx_hal_i2c_ex.o
 .debug_info    0x00013a36      0x93f ./Drivers/STM32G4xx_HAL_Driver/Src/stm32g4xx_hal_pwr_ex.o
 .debug_info    0x00014375      0xb82 ./Drivers/STM32G4xx_HAL_Driver/Src/stm32g4xx_hal_rcc.o
 .debug_info    0x00014ef7      0xc15 ./Drivers/STM32G4xx_HAL_Driver/Src/stm32g4xx_hal_rcc_ex.o
 .debug_info    0x00015b0c     0x1677 ./Drivers/STM32G4xx_HAL_Driver/Src/stm32g4xx_hal_spi.o
 .debug_info    0x00017183     0x2c52 ./Drivers/STM32G4xx_HAL_Driver/Src/stm32g4xx_hal_tim.o
 .debug_info    0x00019dd5     0x1d95 ./Drivers/STM32G4xx_HAL_Driver/Src/stm32g4xx_hal_tim_ex.o
 .debug_info    0x0001bb6a     0x40cb ./Middlewares/Third_Party/FreeRTOS/Source/CMSIS_RTOS_V2/cmsis_os2.o
 .debug_info    0x0001fc35      0x2af ./Middlewares/Third_Party/FreeRTOS/Source/list.o
 .debug_info    0x0001fee4     0x1b79 ./Middlewares/Third_Party/FreeRTOS/Source/queue.o
 .debug_info    0x00021a5d     0x28c1 ./Middlewares/Third_Party/FreeRTOS/Source/tasks.o
 .debug_info    0x0002431e     0x1b50 ./Middlewares/Third_Party/FreeRTOS/Source/timers.o
 .debug_info    0x00025e6e      0x4de ./Middlewares/Third_Party/FreeRTOS/Source/portable/GCC/ARM_CM4F/port.o
 .debug_info    0x0002634c      0x4d5 ./Middlewares/Third_Party/FreeRTOS/Source/portable/MemMang/heap_4.o

.debug_abbrev   0x00000000     0x526d
 .debug_abbrev  0x00000000      0x1bb ./Core/Src/DRV_8711.o
 .debug_abbrev  0x000001bb      0x1f1 ./Core/Src/adc.o
 .debug_abbrev  0x000003ac      0x12f ./Core/Src/app_freertos.o
 .debug_abbrev  0x000004db      0x109 ./Core/Src/dma.o
 .debug_abbrev  0x000005e4      0x1d2 ./Core/Src/fdcan.o
 .debug_abbrev  0x000007b6      0x152 ./Core/Src/gpio.o
 .debug_abbrev  0x00000908      0x213 ./Core/Src/i2c.o
 .debug_abbrev  0x00000b1b      0x29a ./Core/Src/main.o
 .debug_abbrev  0x00000db5      0x1fc ./Core/Src/spi.o
 .debug_abbrev  0x00000fb1      0x11a ./Core/Src/stm32g4xx_hal_msp.o
 .debug_abbrev  0x000010cb      0x223 ./Core/Src/stm32g4xx_hal_timebase_tim.o
 .debug_abbrev  0x000012ee      0x1c2 ./Core/Src/stm32g4xx_it.o
 .debug_abbrev  0x000014b0      0x11a ./Core/Src/system_stm32g4xx.o
 .debug_abbrev  0x000015ca      0x297 ./Core/Src/tim.o
 .debug_abbrev  0x00001861       0x24 ./Core/Startup/startup_stm32g431cbtx.o
 .debug_abbrev  0x00001885      0x271 ./Drivers/STM32G4xx_HAL_Driver/Src/stm32g4xx_hal.o
 .debug_abbrev  0x00001af6      0x2d3 ./Drivers/STM32G4xx_HAL_Driver/Src/stm32g4xx_hal_adc.o
 .debug_abbrev  0x00001dc9      0x2ee ./Drivers/STM32G4xx_HAL_Driver/Src/stm32g4xx_hal_adc_ex.o
 .debug_abbrev  0x000020b7      0x31c ./Drivers/STM32G4xx_HAL_Driver/Src/stm32g4xx_hal_cortex.o
 .debug_abbrev  0x000023d3      0x1e2 ./Drivers/STM32G4xx_HAL_Driver/Src/stm32g4xx_hal_dma.o
 .debug_abbrev  0x000025b5      0x1e7 ./Drivers/STM32G4xx_HAL_Driver/Src/stm32g4xx_hal_fdcan.o
 .debug_abbrev  0x0000279c      0x1cb ./Drivers/STM32G4xx_HAL_Driver/Src/stm32g4xx_hal_gpio.o
 .debug_abbrev  0x00002967      0x25e ./Drivers/STM32G4xx_HAL_Driver/Src/stm32g4xx_hal_i2c.o
 .debug_abbrev  0x00002bc5      0x1c0 ./Drivers/STM32G4xx_HAL_Driver/Src/stm32g4xx_hal_i2c_ex.o
 .debug_abbrev  0x00002d85      0x22c ./Drivers/STM32G4xx_HAL_Driver/Src/stm32g4xx_hal_pwr_ex.o
 .debug_abbrev  0x00002fb1      0x2c9 ./Drivers/STM32G4xx_HAL_Driver/Src/stm32g4xx_hal_rcc.o
 .debug_abbrev  0x0000327a      0x258 ./Drivers/STM32G4xx_HAL_Driver/Src/stm32g4xx_hal_rcc_ex.o
 .debug_abbrev  0x000034d2      0x25d ./Drivers/STM32G4xx_HAL_Driver/Src/stm32g4xx_hal_spi.o
 .debug_abbrev  0x0000372f      0x2a7 ./Drivers/STM32G4xx_HAL_Driver/Src/stm32g4xx_hal_tim.o
 .debug_abbrev  0x000039d6      0x2c5 ./Drivers/STM32G4xx_HAL_Driver/Src/stm32g4xx_hal_tim_ex.o
 .debug_abbrev  0x00003c9b      0x548 ./Middlewares/Third_Party/FreeRTOS/Source/CMSIS_RTOS_V2/cmsis_os2.o
 .debug_abbrev  0x000041e3       0xf5 ./Middlewares/Third_Party/FreeRTOS/Source/list.o
 .debug_abbrev  0x000042d8      0x3b6 ./Middlewares/Third_Party/FreeRTOS/Source/queue.o
 .debug_abbrev  0x0000468e      0x3fe ./Middlewares/Third_Party/FreeRTOS/Source/tasks.o
 .debug_abbrev  0x00004a8c      0x368 ./Middlewares/Third_Party/FreeRTOS/Source/timers.o
 .debug_abbrev  0x00004df4      0x25c ./Middlewares/Third_Party/FreeRTOS/Source/portable/GCC/ARM_CM4F/port.o
 .debug_abbrev  0x00005050      0x21d ./Middlewares/Third_Party/FreeRTOS/Source/portable/MemMang/heap_4.o

.debug_aranges  0x00000000     0x21e0
 .debug_aranges
                0x00000000       0x20 ./Core/Src/DRV_8711.o
 .debug_aranges
                0x00000020       0x30 ./Core/Src/adc.o
 .debug_aranges
                0x00000050       0x40 ./Core/Src/app_freertos.o
 .debug_aranges
                0x00000090       0x20 ./Core/Src/dma.o
 .debug_aranges
                0x000000b0       0x30 ./Core/Src/fdcan.o
 .debug_aranges
                0x000000e0       0x20 ./Core/Src/gpio.o
 .debug_aranges
                0x00000100       0x30 ./Core/Src/i2c.o
 .debug_aranges
                0x00000130       0x38 ./Core/Src/main.o
 .debug_aranges
                0x00000168       0x38 ./Core/Src/spi.o
 .debug_aranges
                0x000001a0       0x20 ./Core/Src/stm32g4xx_hal_msp.o
 .debug_aranges
                0x000001c0       0x30 ./Core/Src/stm32g4xx_hal_timebase_tim.o
 .debug_aranges
                0x000001f0       0x70 ./Core/Src/stm32g4xx_it.o
 .debug_aranges
                0x00000260       0x28 ./Core/Src/system_stm32g4xx.o
 .debug_aranges
                0x00000288       0x48 ./Core/Src/tim.o
 .debug_aranges
                0x000002d0       0x28 ./Core/Startup/startup_stm32g431cbtx.o
 .debug_aranges
                0x000002f8      0x148 ./Drivers/STM32G4xx_HAL_Driver/Src/stm32g4xx_hal.o
 .debug_aranges
                0x00000440      0x248 ./Drivers/STM32G4xx_HAL_Driver/Src/stm32g4xx_hal_adc.o
 .debug_aranges
                0x00000688      0x1c0 ./Drivers/STM32G4xx_HAL_Driver/Src/stm32g4xx_hal_adc_ex.o
 .debug_aranges
                0x00000848      0x128 ./Drivers/STM32G4xx_HAL_Driver/Src/stm32g4xx_hal_cortex.o
 .debug_aranges
                0x00000970       0x90 ./Drivers/STM32G4xx_HAL_Driver/Src/stm32g4xx_hal_dma.o
 .debug_aranges
                0x00000a00      0x208 ./Drivers/STM32G4xx_HAL_Driver/Src/stm32g4xx_hal_fdcan.o
 .debug_aranges
                0x00000c08       0x58 ./Drivers/STM32G4xx_HAL_Driver/Src/stm32g4xx_hal_gpio.o
 .debug_aranges
                0x00000c60      0x2a0 ./Drivers/STM32G4xx_HAL_Driver/Src/stm32g4xx_hal_i2c.o
 .debug_aranges
                0x00000f00       0x48 ./Drivers/STM32G4xx_HAL_Driver/Src/stm32g4xx_hal_i2c_ex.o
 .debug_aranges
                0x00000f48      0x140 ./Drivers/STM32G4xx_HAL_Driver/Src/stm32g4xx_hal_pwr_ex.o
 .debug_aranges
                0x00001088       0x98 ./Drivers/STM32G4xx_HAL_Driver/Src/stm32g4xx_hal_rcc.o
 .debug_aranges
                0x00001120       0xb0 ./Drivers/STM32G4xx_HAL_Driver/Src/stm32g4xx_hal_rcc_ex.o
 .debug_aranges
                0x000011d0      0x1d8 ./Drivers/STM32G4xx_HAL_Driver/Src/stm32g4xx_hal_spi.o
 .debug_aranges
                0x000013a8      0x3e0 ./Drivers/STM32G4xx_HAL_Driver/Src/stm32g4xx_hal_tim.o
 .debug_aranges
                0x00001788      0x240 ./Drivers/STM32G4xx_HAL_Driver/Src/stm32g4xx_hal_tim_ex.o
 .debug_aranges
                0x000019c8      0x2b0 ./Middlewares/Third_Party/FreeRTOS/Source/CMSIS_RTOS_V2/cmsis_os2.o
 .debug_aranges
                0x00001c78       0x40 ./Middlewares/Third_Party/FreeRTOS/Source/list.o
 .debug_aranges
                0x00001cb8      0x158 ./Middlewares/Third_Party/FreeRTOS/Source/queue.o
 .debug_aranges
                0x00001e10      0x208 ./Middlewares/Third_Party/FreeRTOS/Source/tasks.o
 .debug_aranges
                0x00002018       0xf0 ./Middlewares/Third_Party/FreeRTOS/Source/timers.o
 .debug_aranges
                0x00002108       0x80 ./Middlewares/Third_Party/FreeRTOS/Source/portable/GCC/ARM_CM4F/port.o
 .debug_aranges
                0x00002188       0x58 ./Middlewares/Third_Party/FreeRTOS/Source/portable/MemMang/heap_4.o

.debug_rnglists
                0x00000000     0x1a12
 .debug_rnglists
                0x00000000       0x13 ./Core/Src/DRV_8711.o
 .debug_rnglists
                0x00000013       0x21 ./Core/Src/adc.o
 .debug_rnglists
                0x00000034       0x2b ./Core/Src/app_freertos.o
 .debug_rnglists
                0x0000005f       0x13 ./Core/Src/dma.o
 .debug_rnglists
                0x00000072       0x21 ./Core/Src/fdcan.o
 .debug_rnglists
                0x00000093       0x14 ./Core/Src/gpio.o
 .debug_rnglists
                0x000000a7       0x21 ./Core/Src/i2c.o
 .debug_rnglists
                0x000000c8       0x26 ./Core/Src/main.o
 .debug_rnglists
                0x000000ee       0x26 ./Core/Src/spi.o
 .debug_rnglists
                0x00000114       0x13 ./Core/Src/stm32g4xx_hal_msp.o
 .debug_rnglists
                0x00000127       0x20 ./Core/Src/stm32g4xx_hal_timebase_tim.o
 .debug_rnglists
                0x00000147       0x4f ./Core/Src/stm32g4xx_it.o
 .debug_rnglists
                0x00000196       0x1a ./Core/Src/system_stm32g4xx.o
 .debug_rnglists
                0x000001b0       0x35 ./Core/Src/tim.o
 .debug_rnglists
                0x000001e5       0x19 ./Core/Startup/startup_stm32g431cbtx.o
 .debug_rnglists
                0x000001fe       0xf1 ./Drivers/STM32G4xx_HAL_Driver/Src/stm32g4xx_hal.o
 .debug_rnglists
                0x000002ef      0x1c0 ./Drivers/STM32G4xx_HAL_Driver/Src/stm32g4xx_hal_adc.o
 .debug_rnglists
                0x000004af      0x15a ./Drivers/STM32G4xx_HAL_Driver/Src/stm32g4xx_hal_adc_ex.o
 .debug_rnglists
                0x00000609       0xda ./Drivers/STM32G4xx_HAL_Driver/Src/stm32g4xx_hal_cortex.o
 .debug_rnglists
                0x000006e3       0x71 ./Drivers/STM32G4xx_HAL_Driver/Src/stm32g4xx_hal_dma.o
 .debug_rnglists
                0x00000754      0x18d ./Drivers/STM32G4xx_HAL_Driver/Src/stm32g4xx_hal_fdcan.o
 .debug_rnglists
                0x000008e1       0x3f ./Drivers/STM32G4xx_HAL_Driver/Src/stm32g4xx_hal_gpio.o
 .debug_rnglists
                0x00000920      0x228 ./Drivers/STM32G4xx_HAL_Driver/Src/stm32g4xx_hal_i2c.o
 .debug_rnglists
                0x00000b48       0x35 ./Drivers/STM32G4xx_HAL_Driver/Src/stm32g4xx_hal_i2c_ex.o
 .debug_rnglists
                0x00000b7d       0xf1 ./Drivers/STM32G4xx_HAL_Driver/Src/stm32g4xx_hal_pwr_ex.o
 .debug_rnglists
                0x00000c6e       0x74 ./Drivers/STM32G4xx_HAL_Driver/Src/stm32g4xx_hal_rcc.o
 .debug_rnglists
                0x00000ce2       0x87 ./Drivers/STM32G4xx_HAL_Driver/Src/stm32g4xx_hal_rcc_ex.o
 .debug_rnglists
                0x00000d69      0x178 ./Drivers/STM32G4xx_HAL_Driver/Src/stm32g4xx_hal_spi.o
 .debug_rnglists
                0x00000ee1      0x328 ./Drivers/STM32G4xx_HAL_Driver/Src/stm32g4xx_hal_tim.o
 .debug_rnglists
                0x00001209      0x1cc ./Drivers/STM32G4xx_HAL_Driver/Src/stm32g4xx_hal_tim_ex.o
 .debug_rnglists
                0x000013d5      0x212 ./Middlewares/Third_Party/FreeRTOS/Source/CMSIS_RTOS_V2/cmsis_os2.o
 .debug_rnglists
                0x000015e7       0x2b ./Middlewares/Third_Party/FreeRTOS/Source/list.o
 .debug_rnglists
                0x00001612      0x109 ./Middlewares/Third_Party/FreeRTOS/Source/queue.o
 .debug_rnglists
                0x0000171b      0x1a0 ./Middlewares/Third_Party/FreeRTOS/Source/tasks.o
 .debug_rnglists
                0x000018bb       0xb8 ./Middlewares/Third_Party/FreeRTOS/Source/timers.o
 .debug_rnglists
                0x00001973       0x5d ./Middlewares/Third_Party/FreeRTOS/Source/portable/GCC/ARM_CM4F/port.o
 .debug_rnglists
                0x000019d0       0x42 ./Middlewares/Third_Party/FreeRTOS/Source/portable/MemMang/heap_4.o

.debug_macro    0x00000000    0x2483e
 .debug_macro   0x00000000      0x23d ./Core/Src/DRV_8711.o
 .debug_macro   0x0000023d      0xab4 ./Core/Src/DRV_8711.o
 .debug_macro   0x00000cf1       0x22 ./Core/Src/DRV_8711.o
 .debug_macro   0x00000d13       0x8e ./Core/Src/DRV_8711.o
 .debug_macro   0x00000da1       0x51 ./Core/Src/DRV_8711.o
 .debug_macro   0x00000df2      0x103 ./Core/Src/DRV_8711.o
 .debug_macro   0x00000ef5       0x6a ./Core/Src/DRV_8711.o
 .debug_macro   0x00000f5f      0x1df ./Core/Src/DRV_8711.o
 .debug_macro   0x0000113e      0x16d ./Core/Src/DRV_8711.o
 .debug_macro   0x000012ab       0x2e ./Core/Src/DRV_8711.o
 .debug_macro   0x000012d9       0x28 ./Core/Src/DRV_8711.o
 .debug_macro   0x00001301       0x1c ./Core/Src/DRV_8711.o
 .debug_macro   0x0000131d       0x22 ./Core/Src/DRV_8711.o
 .debug_macro   0x0000133f       0xfb ./Core/Src/DRV_8711.o
 .debug_macro   0x0000143a     0x1011 ./Core/Src/DRV_8711.o
 .debug_macro   0x0000244b      0x11f ./Core/Src/DRV_8711.o
 .debug_macro   0x0000256a    0x1138f ./Core/Src/DRV_8711.o
 .debug_macro   0x000138f9       0x6d ./Core/Src/DRV_8711.o
 .debug_macro   0x00013966     0x3558 ./Core/Src/DRV_8711.o
 .debug_macro   0x00016ebe      0x189 ./Core/Src/DRV_8711.o
 .debug_macro   0x00017047       0x5c ./Core/Src/DRV_8711.o
 .debug_macro   0x000170a3     0x141d ./Core/Src/DRV_8711.o
 .debug_macro   0x000184c0      0x535 ./Core/Src/DRV_8711.o
 .debug_macro   0x000189f5      0x1b6 ./Core/Src/DRV_8711.o
 .debug_macro   0x00018bab      0x288 ./Core/Src/DRV_8711.o
 .debug_macro   0x00018e33      0x41d ./Core/Src/DRV_8711.o
 .debug_macro   0x00019250      0x18b ./Core/Src/DRV_8711.o
 .debug_macro   0x000193db       0x43 ./Core/Src/DRV_8711.o
 .debug_macro   0x0001941e      0x23d ./Core/Src/DRV_8711.o
 .debug_macro   0x0001965b     0x1112 ./Core/Src/DRV_8711.o
 .debug_macro   0x0001a76d      0x72e ./Core/Src/DRV_8711.o
 .debug_macro   0x0001ae9b      0x391 ./Core/Src/DRV_8711.o
 .debug_macro   0x0001b22c      0x211 ./Core/Src/DRV_8711.o
 .debug_macro   0x0001b43d      0x6bd ./Core/Src/DRV_8711.o
 .debug_macro   0x0001bafa      0x401 ./Core/Src/DRV_8711.o
 .debug_macro   0x0001befb      0x107 ./Core/Src/DRV_8711.o
 .debug_macro   0x0001c002      0x22c ./Core/Src/DRV_8711.o
 .debug_macro   0x0001c22e       0x61 ./Core/Src/DRV_8711.o
 .debug_macro   0x0001c28f       0xa5 ./Core/Src/DRV_8711.o
 .debug_macro   0x0001c334      0x122 ./Core/Src/DRV_8711.o
 .debug_macro   0x0001c456      0x3d1 ./Core/Src/DRV_8711.o
 .debug_macro   0x0001c827      0x2fe ./Core/Src/DRV_8711.o
 .debug_macro   0x0001cb25      0xbda ./Core/Src/DRV_8711.o
 .debug_macro   0x0001d6ff      0x47e ./Core/Src/DRV_8711.o
 .debug_macro   0x0001db7d      0x306 ./Core/Src/DRV_8711.o
 .debug_macro   0x0001de83      0x148 ./Core/Src/DRV_8711.o
 .debug_macro   0x0001dfcb       0x46 ./Core/Src/DRV_8711.o
 .debug_macro   0x0001e011      0x22e ./Core/Src/adc.o
 .debug_macro   0x0001e23f      0x34b ./Core/Src/app_freertos.o